Archive member included to satisfy reference by file (symbol)

c:/st/stm32cubeide_1.11.0/stm32cubeide/plugins/com.st.stm32cube.ide.mcu.externaltools.gnu-tools-for-stm32.10.3-2021.10.win32_1.0.100.202210260954/tools/bin/../lib/gcc/arm-none-eabi/10.3.1/../../../../arm-none-eabi/lib/thumb/v7e-m+fp/hard\libc_nano.a(lib_a-errno.o)
                              ./Core/Src/syscalls.o (__errno)
c:/st/stm32cubeide_1.11.0/stm32cubeide/plugins/com.st.stm32cube.ide.mcu.externaltools.gnu-tools-for-stm32.10.3-2021.10.win32_1.0.100.202210260954/tools/bin/../lib/gcc/arm-none-eabi/10.3.1/../../../../arm-none-eabi/lib/thumb/v7e-m+fp/hard\libc_nano.a(lib_a-exit.o)
                              c:/st/stm32cubeide_1.11.0/stm32cubeide/plugins/com.st.stm32cube.ide.mcu.externaltools.gnu-tools-for-stm32.10.3-2021.10.win32_1.0.100.202210260954/tools/bin/../lib/gcc/arm-none-eabi/10.3.1/../../../../arm-none-eabi/lib/thumb/v7e-m+fp/hard/crt0.o (exit)
c:/st/stm32cubeide_1.11.0/stm32cubeide/plugins/com.st.stm32cube.ide.mcu.externaltools.gnu-tools-for-stm32.10.3-2021.10.win32_1.0.100.202210260954/tools/bin/../lib/gcc/arm-none-eabi/10.3.1/../../../../arm-none-eabi/lib/thumb/v7e-m+fp/hard\libc_nano.a(lib_a-impure.o)
                              c:/st/stm32cubeide_1.11.0/stm32cubeide/plugins/com.st.stm32cube.ide.mcu.externaltools.gnu-tools-for-stm32.10.3-2021.10.win32_1.0.100.202210260954/tools/bin/../lib/gcc/arm-none-eabi/10.3.1/../../../../arm-none-eabi/lib/thumb/v7e-m+fp/hard\libc_nano.a(lib_a-exit.o) (_global_impure_ptr)
c:/st/stm32cubeide_1.11.0/stm32cubeide/plugins/com.st.stm32cube.ide.mcu.externaltools.gnu-tools-for-stm32.10.3-2021.10.win32_1.0.100.202210260954/tools/bin/../lib/gcc/arm-none-eabi/10.3.1/../../../../arm-none-eabi/lib/thumb/v7e-m+fp/hard\libc_nano.a(lib_a-init.o)
                              c:/st/stm32cubeide_1.11.0/stm32cubeide/plugins/com.st.stm32cube.ide.mcu.externaltools.gnu-tools-for-stm32.10.3-2021.10.win32_1.0.100.202210260954/tools/bin/../lib/gcc/arm-none-eabi/10.3.1/../../../../arm-none-eabi/lib/thumb/v7e-m+fp/hard/crt0.o (__libc_init_array)
c:/st/stm32cubeide_1.11.0/stm32cubeide/plugins/com.st.stm32cube.ide.mcu.externaltools.gnu-tools-for-stm32.10.3-2021.10.win32_1.0.100.202210260954/tools/bin/../lib/gcc/arm-none-eabi/10.3.1/../../../../arm-none-eabi/lib/thumb/v7e-m+fp/hard\libc_nano.a(lib_a-memcpy-stub.o)
                              ./Core/Src/queue.o (memcpy)
c:/st/stm32cubeide_1.11.0/stm32cubeide/plugins/com.st.stm32cube.ide.mcu.externaltools.gnu-tools-for-stm32.10.3-2021.10.win32_1.0.100.202210260954/tools/bin/../lib/gcc/arm-none-eabi/10.3.1/../../../../arm-none-eabi/lib/thumb/v7e-m+fp/hard\libc_nano.a(lib_a-memset.o)
                              c:/st/stm32cubeide_1.11.0/stm32cubeide/plugins/com.st.stm32cube.ide.mcu.externaltools.gnu-tools-for-stm32.10.3-2021.10.win32_1.0.100.202210260954/tools/bin/../lib/gcc/arm-none-eabi/10.3.1/../../../../arm-none-eabi/lib/thumb/v7e-m+fp/hard/crt0.o (memset)
c:/st/stm32cubeide_1.11.0/stm32cubeide/plugins/com.st.stm32cube.ide.mcu.externaltools.gnu-tools-for-stm32.10.3-2021.10.win32_1.0.100.202210260954/tools/bin/../lib/gcc/arm-none-eabi/10.3.1/../../../../arm-none-eabi/lib/thumb/v7e-m+fp/hard\libc_nano.a(lib_a-snprintf.o)
                              ./Core/Src/tm1637.o (snprintf)
c:/st/stm32cubeide_1.11.0/stm32cubeide/plugins/com.st.stm32cube.ide.mcu.externaltools.gnu-tools-for-stm32.10.3-2021.10.win32_1.0.100.202210260954/tools/bin/../lib/gcc/arm-none-eabi/10.3.1/../../../../arm-none-eabi/lib/thumb/v7e-m+fp/hard\libc_nano.a(lib_a-sprintf.o)
                              ./Core/Src/main.o (sprintf)
c:/st/stm32cubeide_1.11.0/stm32cubeide/plugins/com.st.stm32cube.ide.mcu.externaltools.gnu-tools-for-stm32.10.3-2021.10.win32_1.0.100.202210260954/tools/bin/../lib/gcc/arm-none-eabi/10.3.1/../../../../arm-none-eabi/lib/thumb/v7e-m+fp/hard\libc_nano.a(lib_a-strcmp.o)
                              ./Core/Src/main.o (strcmp)
c:/st/stm32cubeide_1.11.0/stm32cubeide/plugins/com.st.stm32cube.ide.mcu.externaltools.gnu-tools-for-stm32.10.3-2021.10.win32_1.0.100.202210260954/tools/bin/../lib/gcc/arm-none-eabi/10.3.1/../../../../arm-none-eabi/lib/thumb/v7e-m+fp/hard\libc_nano.a(lib_a-strlen.o)
                              ./Core/Src/tm1637.o (strlen)
c:/st/stm32cubeide_1.11.0/stm32cubeide/plugins/com.st.stm32cube.ide.mcu.externaltools.gnu-tools-for-stm32.10.3-2021.10.win32_1.0.100.202210260954/tools/bin/../lib/gcc/arm-none-eabi/10.3.1/../../../../arm-none-eabi/lib/thumb/v7e-m+fp/hard\libc_nano.a(lib_a-nano-svfprintf.o)
                              c:/st/stm32cubeide_1.11.0/stm32cubeide/plugins/com.st.stm32cube.ide.mcu.externaltools.gnu-tools-for-stm32.10.3-2021.10.win32_1.0.100.202210260954/tools/bin/../lib/gcc/arm-none-eabi/10.3.1/../../../../arm-none-eabi/lib/thumb/v7e-m+fp/hard\libc_nano.a(lib_a-snprintf.o) (_svfprintf_r)
[...]
Memory Configuration

Name             Origin             Length             Attributes
CCMRAM           0x0000000010000000 0x0000000000010000 xrw
RAM              0x0000000020000000 0x0000000000020000 xrw
FLASH            0x0000000008000000 0x0000000000100000 xr
*default*        0x0000000000000000 0xffffffffffffffff

Linker script and memory map

LOAD c:/st/stm32cubeide_1.11.0/stm32cubeide/plugins/com.st.stm32cube.ide.mcu.externaltools.gnu-tools-for-stm32.10.3-2021.10.win32_1.0.100.202210260954/tools/bin/../lib/gcc/arm-none-eabi/10.3.1/thumb/v7e-m+fp/hard/crti.o
LOAD c:/st/stm32cubeide_1.11.0/stm32cubeide/plugins/com.st.stm32cube.ide.mcu.externaltools.gnu-tools-for-stm32.10.3-2021.10.win32_1.0.100.202210260954/tools/bin/../lib/gcc/arm-none-eabi/10.3.1/thumb/v7e-m+fp/hard/crtbegin.o
LOAD c:/st/stm32cubeide_1.11.0/stm32cubeide/plugins/com.st.stm32cube.ide.mcu.externaltools.gnu-tools-for-stm32.10.3-2021.10.win32_1.0.100.202210260954/tools/bin/../lib/gcc/arm-none-eabi/10.3.1/../../../../arm-none-eabi/lib/thumb/v7e-m+fp/hard/crt0.o
LOAD ./Core/Src/croutine.o
LOAD ./Core/Src/event_groups.o
LOAD ./Core/Src/gpio.o
LOAD ./Core/Src/hcsr04.o
LOAD ./Core/Src/heap_4.o
LOAD ./Core/Src/keypad.o
LOAD ./Core/Src/lcd.o
LOAD ./Core/Src/list.o
LOAD ./Core/Src/main.o
LOAD ./Core/Src/port.o
LOAD ./Core/Src/queue.o
LOAD ./Core/Src/stm32f4xx_hal_msp.o
LOAD ./Core/Src/stm32f4xx_hal_timebase_tim.o
LOAD ./Core/Src/stm32f4xx_it.o
LOAD ./Core/Src/stream_buffer.o
LOAD ./Core/Src/syscalls.o
LOAD ./Core/Src/sysmem.o
LOAD ./Core/Src/system_stm32f4xx.o
LOAD ./Core/Src/tasks.o
LOAD ./Core/Src/tim.o
LOAD ./Core/Src/timers.o
LOAD ./Core/Src/tm1637.o
LOAD ./Core/Startup/startup_stm32f405rgtx.o
LOAD ./Drivers/STM32F4xx_HAL_Driver/Src/stm32f4xx_hal.o
LOAD ./Drivers/STM32F4xx_HAL_Driver/Src/stm32f4xx_hal_cortex.o
LOAD ./Drivers/STM32F4xx_HAL_Driver/Src/stm32f4xx_hal_dma.o
LOAD ./Drivers/STM32F4xx_HAL_Driver/Src/stm32f4xx_hal_dma_ex.o
LOAD ./Drivers/STM32F4xx_HAL_Driver/Src/stm32f4xx_hal_exti.o
LOAD ./Drivers/STM32F4xx_HAL_Driver/Src/stm32f4xx_hal_flash.o
LOAD ./Drivers/STM32F4xx_HAL_Driver/Src/stm32f4xx_hal_flash_ex.o
LOAD ./Drivers/STM32F4xx_HAL_Driver/Src/stm32f4xx_hal_flash_ramfunc.o
LOAD ./Drivers/STM32F4xx_HAL_Driver/Src/stm32f4xx_hal_gpio.o
LOAD ./Drivers/STM32F4xx_HAL_Driver/Src/stm32f4xx_hal_pwr.o
LOAD ./Drivers/STM32F4xx_HAL_Driver/Src/stm32f4xx_hal_pwr_ex.o
LOAD ./Drivers/STM32F4xx_HAL_Driver/Src/stm32f4xx_hal_rcc.o
LOAD ./Drivers/STM32F4xx_HAL_Driver/Src/stm32f4xx_hal_rcc_ex.o
LOAD ./Drivers/STM32F4xx_HAL_Driver/Src/stm32f4xx_hal_tim.o
LOAD ./Drivers/STM32F4xx_HAL_Driver/Src/stm32f4xx_hal_tim_ex.o
START GROUP
LOAD c:/st/stm32cubeide_1.11.0/stm32cubeide/plugins/com.st.stm32cube.ide.mcu.externaltools.gnu-tools-for-stm32.10.3-2021.10.win32_1.0.100.202210260954/tools/bin/../lib/gcc/arm-none-eabi/10.3.1/../../../../arm-none-eabi/lib/thumb/v7e-m+fp/hard\libc_nano.a
LOAD c:/st/stm32cubeide_1.11.0/stm32cubeide/plugins/com.st.stm32cube.ide.mcu.externaltools.gnu-tools-for-stm32.10.3-2021.10.win32_1.0.100.202210260954/tools/bin/../lib/gcc/arm-none-eabi/10.3.1/../../../../arm-none-eabi/lib/thumb/v7e-m+fp/hard\libm.a
END GROUP
START GROUP
LOAD c:/st/stm32cubeide_1.11.0/stm32cubeide/plugins/com.st.stm32cube.ide.mcu.externaltools.gnu-tools-for-stm32.10.3-2021.10.win32_1.0.100.202210260954/tools/bin/../lib/gcc/arm-none-eabi/10.3.1/thumb/v7e-m+fp/hard\libgcc.a
LOAD c:/st/stm32cubeide_1.11.0/stm32cubeide/plugins/com.st.stm32cube.ide.mcu.externaltools.gnu-tools-for-stm32.10.3-2021.10.win32_1.0.100.202210260954/tools/bin/../lib/gcc/arm-none-eabi/10.3.1/../../../../arm-none-eabi/lib/thumb/v7e-m+fp/hard\libc_nano.a
END GROUP
START GROUP
LOAD c:/st/stm32cubeide_1.11.0/stm32cubeide/plugins/com.st.stm32cube.ide.mcu.externaltools.gnu-tools-for-stm32.10.3-2021.10.win32_1.0.100.202210260954/tools/bin/../lib/gcc/arm-none-eabi/10.3.1/thumb/v7e-m+fp/hard\libgcc.a
LOAD c:/st/stm32cubeide_1.11.0/stm32cubeide/plugins/com.st.stm32cube.ide.mcu.externaltools.gnu-tools-for-stm32.10.3-2021.10.win32_1.0.100.202210260954/tools/bin/../lib/gcc/arm-none-eabi/10.3.1/../../../../arm-none-eabi/lib/thumb/v7e-m+fp/hard\libc_nano.a
LOAD c:/st/stm32cubeide_1.11.0/stm32cubeide/plugins/com.st.stm32cube.ide.mcu.externaltools.gnu-tools-for-stm32.10.3-2021.10.win32_1.0.100.202210260954/tools/bin/../lib/gcc/arm-none-eabi/10.3.1/../../../../arm-none-eabi/lib/thumb/v7e-m+fp/hard\libnosys.a
END GROUP
START GROUP
LOAD c:/st/stm32cubeide_1.11.0/stm32cubeide/plugins/com.st.stm32cube.ide.mcu.externaltools.gnu-tools-for-stm32.10.3-2021.10.win32_1.0.100.202210260954/tools/bin/../lib/gcc/arm-none-eabi/10.3.1/thumb/v7e-m+fp/hard\libgcc.a
LOAD c:/st/stm32cubeide_1.11.0/stm32cubeide/plugins/com.st.stm32cube.ide.mcu.externaltools.gnu-tools-for-stm32.10.3-2021.10.win32_1.0.100.202210260954/tools/bin/../lib/gcc/arm-none-eabi/10.3.1/../../../../arm-none-eabi/lib/thumb/v7e-m+fp/hard\libc_nano.a
LOAD c:/st/stm32cubeide_1.11.0/stm32cubeide/plugins/com.st.stm32cube.ide.mcu.externaltools.gnu-tools-for-stm32.10.3-2021.10.win32_1.0.100.202210260954/tools/bin/../lib/gcc/arm-none-eabi/10.3.1/../../../../arm-none-eabi/lib/thumb/v7e-m+fp/hard\libnosys.a
END GROUP
LOAD c:/st/stm32cubeide_1.11.0/stm32cubeide/plugins/com.st.stm32cube.ide.mcu.externaltools.gnu-tools-for-stm32.10.3-2021.10.win32_1.0.100.202210260954/tools/bin/../lib/gcc/arm-none-eabi/10.3.1/thumb/v7e-m+fp/hard/crtend.o
LOAD c:/st/stm32cubeide_1.11.0/stm32cubeide/plugins/com.st.stm32cube.ide.mcu.externaltools.gnu-tools-for-stm32.10.3-2021.10.win32_1.0.100.202210260954/tools/bin/../lib/gcc/arm-none-eabi/10.3.1/thumb/v7e-m+fp/hard/crtn.o
                0x0000000020020000                _estack = (ORIGIN (RAM) + LENGTH (RAM))
                0x0000000000000200                _Min_Heap_Size = 0x200
                0x0000000000000400                _Min_Stack_Size = 0x400

.isr_vector     0x0000000008000000      0x188
                0x0000000008000000                . = ALIGN (0x4)
 *(.isr_vector)
 .isr_vector    0x0000000008000000      0x188 ./Core/Startup/startup_stm32f405rgtx.o
                0x0000000008000000                g_pfnVectors
                0x0000000008000188                . = ALIGN (0x4)

.text           0x0000000008000190     0x606c
                0x0000000008000190                . = ALIGN (0x4)
 *(.text)
 .text          0x0000000008000190       0x40 c:/st/stm32cubeide_1.11.0/stm32cubeide/plugins/com.st.stm32cube.ide.mcu.externaltools.gnu-tools-for-stm32.10.3-2021.10.win32_1.0.100.202210260954/tools/bin/../lib/gcc/arm-none-eabi/10.3.1/thumb/v7e-m+fp/hard/crtbegin.o
 .text          0x00000000080001d0       0x14 c:/st/stm32cubeide_1.11.0/stm32cubeide/plugins/com.st.stm32cube.ide.mcu.externaltools.gnu-tools-for-stm32.10.3-2021.10.win32_1.0.100.202210260954/tools/bin/../lib/gcc/arm-none-eabi/10.3.1/../../../../arm-none-eabi/lib/thumb/v7e-m+fp/hard\libc_nano.a(lib_a-strcmp.o)
                0x00000000080001d0                strcmp
 *fill*         0x00000000080001e4        0xc 
 .text          0x00000000080001f0       0xa0 c:/st/stm32cubeide_1.11.0/stm32cubeide/plugins/com.st.stm32cube.ide.mcu.externaltools.gnu-tools-for-stm32.10.3-2021.10.win32_1.0.100.202210260954/tools/bin/../lib/gcc/arm-none-eabi/10.3.1/../../../../arm-none-eabi/lib/thumb/v7e-m+fp/hard\libc_nano.a(lib_a-memchr.o)
                0x00000000080001f0                memchr
 .text          0x0000000008000290       0x30 c:/st/stm32cubeide_1.11.0/stm32cubeide/plugins/com.st.stm32cube.ide.mcu.externaltools.gnu-tools-for-stm32.10.3-2021.10.win32_1.0.100.202210260954/tools/bin/../lib/gcc/arm-none-eabi/10.3.1/thumb/v7e-m+fp/hard\libgcc.a(_aeabi_uldivmod.o)
                0x0000000008000290                __aeabi_uldivmod
 .text          0x00000000080002c0      0x2d0 c:/st/stm32cubeide_1.11.0/stm32cubeide/plugins/com.st.stm32cube.ide.mcu.externaltools.gnu-tools-for-stm32.10.3-2021.10.win32_1.0.100.202210260954/tools/bin/../lib/gcc/arm-none-eabi/10.3.1/thumb/v7e-m+fp/hard\libgcc.a(_udivmoddi4.o)
                0x00000000080002c0                __udivmoddi4
 .text          0x0000000008000590        0x4 c:/st/stm32cubeide_1.11.0/stm32cubeide/plugins/com.st.stm32cube.ide.mcu.externaltools.gnu-tools-for-stm32.10.3-2021.10.win32_1.0.100.202210260954/tools/bin/../lib/gcc/arm-none-eabi/10.3.1/thumb/v7e-m+fp/hard\libgcc.a(_dvmd_tls.o)
                0x0000000008000590                __aeabi_idiv0
                0x0000000008000590                __aeabi_ldiv0
 *(.text*)
 .text.MX_GPIO_Init
                0x0000000008000594      0x1a0 ./Core/Src/gpio.o
                0x0000000008000594                MX_GPIO_Init
 .text.HCSR04_InitSensor
                0x0000000008000734       0xb0 ./Core/Src/hcsr04.o
                0x0000000008000734                HCSR04_InitSensor
 .text.HCSR04_Trigger
                0x00000000080007e4       0x4c ./Core/Src/hcsr04.o
                0x00000000080007e4                HCSR04_Trigger
 .text.HCSR04_Read
                0x0000000008000830       0x8c ./Core/Src/hcsr04.o
                0x0000000008000830                HCSR04_Read
 .text.HCSR04_EchoCallback
                0x00000000080008bc       0x98 ./Core/Src/hcsr04.o
                0x00000000080008bc                HCSR04_EchoCallback
 .text.HAL_GPIO_EXTI_Callback
                0x0000000008000954       0x1a ./Core/Src/hcsr04.o
                0x0000000008000954                HAL_GPIO_EXTI_Callback
 *fill*         0x000000000800096e        0x2 
 .text.pvPortMalloc
                0x0000000008000970      0x174 ./Core/Src/heap_4.o
                0x0000000008000970                pvPortMalloc
 .text.vPortFree
                0x0000000008000ae4       0xb8 ./Core/Src/heap_4.o
                0x0000000008000ae4                vPortFree
 .text.prvHeapInit
                0x0000000008000b9c       0xb8 ./Core/Src/heap_4.o
 .text.prvInsertBlockIntoFreeList
                0x0000000008000c54       0xb4 ./Core/Src/heap_4.o
 .text.SetOutput
                0x0000000008000d08       0x42 ./Core/Src/lcd.o
                0x0000000008000d08                SetOutput
 .text.SetBit   0x0000000008000d4a       0x28 ./Core/Src/lcd.o
                0x0000000008000d4a                SetBit
 .text.ClrBit   0x0000000008000d72       0x2a ./Core/Src/lcd.o
                0x0000000008000d72                ClrBit
 .text.DelayLcd
                0x0000000008000d9c       0x2e ./Core/Src/lcd.o
                0x0000000008000d9c                DelayLcd
 *fill*         0x0000000008000dca        0x2 
 .text.LcdInit  0x0000000008000dcc       0x84 ./Core/Src/lcd.o
                0x0000000008000dcc                LcdInit
 .text.LcdFxn   0x0000000008000e50      0x160 ./Core/Src/lcd.o
                0x0000000008000e50                LcdFxn
 .text.lprint   0x0000000008000fb0       0x50 ./Core/Src/lcd.o
                0x0000000008000fb0                lprint
 .text.vListInitialise
                0x0000000008001000       0x40 ./Core/Src/list.o
                0x0000000008001000                vListInitialise
 .text.vListInitialiseItem
                0x0000000008001040       0x1a ./Core/Src/list.o
                0x0000000008001040                vListInitialiseItem
 .text.vListInsert
                0x000000000800105a       0x72 ./Core/Src/list.o
                0x000000000800105a                vListInsert
 .text.uxListRemove
                0x00000000080010cc       0x54 ./Core/Src/list.o
                0x00000000080010cc                uxListRemove
 .text.scan_keypad
                0x0000000008001120       0xa0 ./Core/Src/main.o
                0x0000000008001120                scan_keypad
 .text.TrafficLightTask
                0x00000000080011c0      0x2e8 ./Core/Src/main.o
                0x00000000080011c0                TrafficLightTask
 .text.password_task
                0x00000000080014a8      0x184 ./Core/Src/main.o
                0x00000000080014a8                password_task
 .text.testing  0x000000000800162c       0x6c ./Core/Src/main.o
                0x000000000800162c                testing
 .text.main     0x0000000008001698       0x80 ./Core/Src/main.o
                0x0000000008001698                main
 .text.SystemClock_Config
                0x0000000008001718       0xd4 ./Core/Src/main.o
                0x0000000008001718                SystemClock_Config
 .text.setup_sensors
                0x00000000080017ec       0x84 ./Core/Src/main.o
                0x00000000080017ec                setup_sensors
 .text.traffic_congetion
                0x0000000008001870       0xfc ./Core/Src/main.o
                0x0000000008001870                traffic_congetion
 .text.HAL_TIM_PeriodElapsedCallback
                0x000000000800196c       0x24 ./Core/Src/main.o
                0x000000000800196c                HAL_TIM_PeriodElapsedCallback
 .text.Error_Handler
                0x0000000008001990        0xa ./Core/Src/main.o
                0x0000000008001990                Error_Handler
 *fill*         0x000000000800199a        0x2 
 .text.pxPortInitialiseStack
                0x000000000800199c       0x68 ./Core/Src/port.o
                0x000000000800199c                pxPortInitialiseStack
 .text.prvTaskExitError
                0x0000000008001a04       0x58 ./Core/Src/port.o
 *fill*         0x0000000008001a5c        0x4 
 .text.SVC_Handler
                0x0000000008001a60       0x28 ./Core/Src/port.o
                0x0000000008001a60                SVC_Handler
 .text.prvPortStartFirstTask
                0x0000000008001a88       0x2c ./Core/Src/port.o
 .text.xPortStartScheduler
                0x0000000008001ab4      0x144 ./Core/Src/port.o
                0x0000000008001ab4                xPortStartScheduler
 .text.vPortEnterCritical
                0x0000000008001bf8       0x60 ./Core/Src/port.o
                0x0000000008001bf8                vPortEnterCritical
 .text.vPortExitCritical
                0x0000000008001c58       0x54 ./Core/Src/port.o
                0x0000000008001c58                vPortExitCritical
 *fill*         0x0000000008001cac        0x4 
 .text.PendSV_Handler
                0x0000000008001cb0       0x68 ./Core/Src/port.o
                0x0000000008001cb0                PendSV_Handler
 .text.SysTick_Handler
                0x0000000008001d18       0x44 ./Core/Src/port.o
                0x0000000008001d18                SysTick_Handler
 .text.vPortSetupTimerInterrupt
                0x0000000008001d5c       0x48 ./Core/Src/port.o
                0x0000000008001d5c                vPortSetupTimerInterrupt
 .text.vPortEnableVFP
                0x0000000008001da4       0x18 ./Core/Src/port.o
 .text.xQueueGenericReset
                0x0000000008001dbc      0x120 ./Core/Src/queue.o
                0x0000000008001dbc                xQueueGenericReset
 .text.xQueueGenericCreate
                0x0000000008001edc       0x9c ./Core/Src/queue.o
                0x0000000008001edc                xQueueGenericCreate
 .text.prvInitialiseNewQueue
                0x0000000008001f78       0x46 ./Core/Src/queue.o
 *fill*         0x0000000008001fbe        0x2 
 .text.xQueueReceive
                0x0000000008001fc0      0x1c0 ./Core/Src/queue.o
                0x0000000008001fc0                xQueueReceive
 .text.prvCopyDataFromQueue
                0x0000000008002180       0x4c ./Core/Src/queue.o
 .text.prvUnlockQueue
                0x00000000080021cc       0xa4 ./Core/Src/queue.o
 .text.prvIsQueueEmpty
                0x0000000008002270       0x2c ./Core/Src/queue.o
 .text.vQueueAddToRegistry
                0x000000000800229c       0x9c ./Core/Src/queue.o
                0x000000000800229c                vQueueAddToRegistry
 .text.vQueueWaitForMessageRestricted
                0x0000000008002338       0x68 ./Core/Src/queue.o
                0x0000000008002338                vQueueWaitForMessageRestricted
 .text.HAL_MspInit
                0x00000000080023a0       0x50 ./Core/Src/stm32f4xx_hal_msp.o
                0x00000000080023a0                HAL_MspInit
 .text.HAL_InitTick
                0x00000000080023f0       0xf8 ./Core/Src/stm32f4xx_hal_timebase_tim.o
                0x00000000080023f0                HAL_InitTick
 .text.NMI_Handler
                0x00000000080024e8        0x6 ./Core/Src/stm32f4xx_it.o
                0x00000000080024e8                NMI_Handler
 .text.HardFault_Handler
                0x00000000080024ee        0x6 ./Core/Src/stm32f4xx_it.o
                0x00000000080024ee                HardFault_Handler
 .text.MemManage_Handler
                0x00000000080024f4        0x6 ./Core/Src/stm32f4xx_it.o
                0x00000000080024f4                MemManage_Handler
 .text.BusFault_Handler
                0x00000000080024fa        0x6 ./Core/Src/stm32f4xx_it.o
                0x00000000080024fa                BusFault_Handler
 .text.UsageFault_Handler
                0x0000000008002500        0x6 ./Core/Src/stm32f4xx_it.o
                0x0000000008002500                UsageFault_Handler
 .text.DebugMon_Handler
                0x0000000008002506        0xe ./Core/Src/stm32f4xx_it.o
                0x0000000008002506                DebugMon_Handler
 .text.EXTI0_IRQHandler
                0x0000000008002514        0xe ./Core/Src/stm32f4xx_it.o
                0x0000000008002514                EXTI0_IRQHandler
 .text.EXTI2_IRQHandler
                0x0000000008002522        0xe ./Core/Src/stm32f4xx_it.o
                0x0000000008002522                EXTI2_IRQHandler
 .text.EXTI9_5_IRQHandler
                0x0000000008002530       0x16 ./Core/Src/stm32f4xx_it.o
                0x0000000008002530                EXTI9_5_IRQHandler
 *fill*         0x0000000008002546        0x2 
 .text.TIM3_IRQHandler
                0x0000000008002548       0x14 ./Core/Src/stm32f4xx_it.o
                0x0000000008002548                TIM3_IRQHandler
 .text._sbrk    0x000000000800255c       0x6c ./Core/Src/sysmem.o
                0x000000000800255c                _sbrk
 .text.SystemInit
                0x00000000080025c8       0x24 ./Core/Src/system_stm32f4xx.o
                0x00000000080025c8                SystemInit
 .text.xTaskCreate
                0x00000000080025ec       0x8c ./Core/Src/tasks.o
                0x00000000080025ec                xTaskCreate
 .text.prvInitialiseNewTask
                0x0000000008002678      0x11c ./Core/Src/tasks.o
 .text.prvAddNewTaskToReadyList
                0x0000000008002794      0x12c ./Core/Src/tasks.o
 .text.vTaskDelay
                0x00000000080028c0       0x68 ./Core/Src/tasks.o
                0x00000000080028c0                vTaskDelay
 .text.vTaskStartScheduler
                0x0000000008002928       0xa4 ./Core/Src/tasks.o
                0x0000000008002928                vTaskStartScheduler
 .text.vTaskSuspendAll
                0x00000000080029cc       0x1c ./Core/Src/tasks.o
                0x00000000080029cc                vTaskSuspendAll
 .text.xTaskResumeAll
                0x00000000080029e8      0x1f8 ./Core/Src/tasks.o
                0x00000000080029e8                xTaskResumeAll
 .text.xTaskGetTickCount
                0x0000000008002be0       0x20 ./Core/Src/tasks.o
                0x0000000008002be0                xTaskGetTickCount
 .text.xTaskIncrementTick
                0x0000000008002c00      0x22c ./Core/Src/tasks.o
                0x0000000008002c00                xTaskIncrementTick
 .text.vTaskSwitchContext
                0x0000000008002e2c       0xb8 ./Core/Src/tasks.o
                0x0000000008002e2c                vTaskSwitchContext
 .text.vTaskPlaceOnEventList
                0x0000000008002ee4       0x48 ./Core/Src/tasks.o
                0x0000000008002ee4                vTaskPlaceOnEventList
 .text.vTaskPlaceOnEventListRestricted
                0x0000000008002f2c       0x8c ./Core/Src/tasks.o
                0x0000000008002f2c                vTaskPlaceOnEventListRestricted
 .text.xTaskRemoveFromEventList
                0x0000000008002fb8      0x1ac ./Core/Src/tasks.o
                0x0000000008002fb8                xTaskRemoveFromEventList
 .text.vTaskInternalSetTimeOutState
                0x0000000008003164       0x2c ./Core/Src/tasks.o
                0x0000000008003164                vTaskInternalSetTimeOutState
 .text.xTaskCheckForTimeOut
                0x0000000008003190       0xcc ./Core/Src/tasks.o
                0x0000000008003190                xTaskCheckForTimeOut
 .text.vTaskMissedYield
                0x000000000800325c       0x18 ./Core/Src/tasks.o
                0x000000000800325c                vTaskMissedYield
 .text.prvIdleTask
                0x0000000008003274       0x30 ./Core/Src/tasks.o
 .text.prvInitialiseTaskLists
                0x00000000080032a4       0x80 ./Core/Src/tasks.o
 .text.prvCheckTasksWaitingTermination
                0x0000000008003324       0x5c ./Core/Src/tasks.o
 .text.prvDeleteTCB
                0x0000000008003380       0x20 ./Core/Src/tasks.o
 .text.prvResetNextTaskUnblockTime
                0x00000000080033a0       0x38 ./Core/Src/tasks.o
 .text.xTaskGetSchedulerState
                0x00000000080033d8       0x3c ./Core/Src/tasks.o
                0x00000000080033d8                xTaskGetSchedulerState
 .text.prvAddCurrentTaskToDelayedList
                0x0000000008003414      0x100 ./Core/Src/tasks.o
 .text.MX_TIM2_Init
                0x0000000008003514       0x98 ./Core/Src/tim.o
                0x0000000008003514                MX_TIM2_Init
 .text.HAL_TIM_Base_MspInit
                0x00000000080035ac       0x40 ./Core/Src/tim.o
                0x00000000080035ac                HAL_TIM_Base_MspInit
 .text.xTimerCreateTimerTask
                0x00000000080035ec       0x64 ./Core/Src/timers.o
                0x00000000080035ec                xTimerCreateTimerTask
 .text.prvReloadTimer
                0x0000000008003650       0x42 ./Core/Src/timers.o
 *fill*         0x0000000008003692        0x2 
 .text.prvProcessExpiredTimer
                0x0000000008003694       0x60 ./Core/Src/timers.o
 .text.prvTimerTask
                0x00000000080036f4       0x24 ./Core/Src/timers.o
 .text.prvProcessTimerOrBlockTask
                0x0000000008003718       0x9c ./Core/Src/timers.o
 .text.prvGetNextExpireTime
                0x00000000080037b4       0x48 ./Core/Src/timers.o
 .text.prvSampleTimeNow
                0x00000000080037fc       0x40 ./Core/Src/timers.o
 .text.prvInsertTimerInActiveList
                0x000000000800383c       0x84 ./Core/Src/timers.o
 .text.prvProcessReceivedCommands
                0x00000000080038c0      0x17c ./Core/Src/timers.o
 .text.prvSwitchTimerLists
                0x0000000008003a3c       0x4c ./Core/Src/timers.o
 .text.prvCheckForValidListAndQueue
                0x0000000008003a88       0x6c ./Core/Src/timers.o
 .text.TM1637_Delay_us
                0x0000000008003af4       0x30 ./Core/Src/tm1637.o
 .text.TM1637_Start
                0x0000000008003b24       0x46 ./Core/Src/tm1637.o
 .text.TM1637_Stop
                0x0000000008003b6a       0x62 ./Core/Src/tm1637.o
 .text.TM1637_WriteByte
                0x0000000008003bcc       0xd0 ./Core/Src/tm1637.o
 .text.TM1637_Init
                0x0000000008003c9c       0x70 ./Core/Src/tm1637.o
                0x0000000008003c9c                TM1637_Init
 .text.TM1637_DisplayDecimal
                0x0000000008003d0c       0xdc ./Core/Src/tm1637.o
                0x0000000008003d0c                TM1637_DisplayDecimal
 .text.TM1637_DisplayString
                0x0000000008003de8       0xfc ./Core/Src/tm1637.o
                0x0000000008003de8                TM1637_DisplayString
 .text.Reset_Handler
                0x0000000008003ee4       0x50 ./Core/Startup/startup_stm32f405rgtx.o
                0x0000000008003ee4                Reset_Handler
 .text.Default_Handler
                0x0000000008003f34        0x2 ./Core/Startup/startup_stm32f405rgtx.o
                0x0000000008003f34                RTC_Alarm_IRQHandler
                0x0000000008003f34                HASH_RNG_IRQHandler
                0x0000000008003f34                TIM8_CC_IRQHandler
                0x0000000008003f34                TIM1_CC_IRQHandler
                0x0000000008003f34                DMA2_Stream5_IRQHandler
                0x0000000008003f34                DMA1_Stream5_IRQHandler
                0x0000000008003f34                PVD_IRQHandler
                0x0000000008003f34                SDIO_IRQHandler
                0x0000000008003f34                TAMP_STAMP_IRQHandler
                0x0000000008003f34                CAN2_RX1_IRQHandler
                0x0000000008003f34                EXTI3_IRQHandler
                0x0000000008003f34                TIM8_TRG_COM_TIM14_IRQHandler
                0x0000000008003f34                TIM1_UP_TIM10_IRQHandler
                0x0000000008003f34                TIM8_UP_TIM13_IRQHandler
                0x0000000008003f34                I2C3_ER_IRQHandler
                0x0000000008003f34                I2C2_EV_IRQHandler
                0x0000000008003f34                DMA1_Stream2_IRQHandler
                0x0000000008003f34                CAN1_RX0_IRQHandler
                0x0000000008003f34                FPU_IRQHandler
                0x0000000008003f34                OTG_HS_WKUP_IRQHandler
                0x0000000008003f34                CAN2_SCE_IRQHandler
                0x0000000008003f34                DMA2_Stream2_IRQHandler
                0x0000000008003f34                SPI1_IRQHandler
                0x0000000008003f34                TIM6_DAC_IRQHandler
                0x0000000008003f34                TIM1_BRK_TIM9_IRQHandler
                0x0000000008003f34                CAN2_RX0_IRQHandler
                0x0000000008003f34                DMA2_Stream3_IRQHandler
                0x0000000008003f34                USART6_IRQHandler
                0x0000000008003f34                USART3_IRQHandler
                0x0000000008003f34                CAN1_RX1_IRQHandler
                0x0000000008003f34                UART5_IRQHandler
                0x0000000008003f34                DMA2_Stream0_IRQHandler
                0x0000000008003f34                TIM4_IRQHandler
                0x0000000008003f34                I2C1_EV_IRQHandler
                0x0000000008003f34                DMA1_Stream6_IRQHandler
                0x0000000008003f34                DMA1_Stream1_IRQHandler
                0x0000000008003f34                UART4_IRQHandler
                0x0000000008003f34                RCC_IRQHandler
                0x0000000008003f34                TIM8_BRK_TIM12_IRQHandler
                0x0000000008003f34                Default_Handler
                0x0000000008003f34                EXTI15_10_IRQHandler
                0x0000000008003f34                ADC_IRQHandler
                0x0000000008003f34                DMA1_Stream7_IRQHandler
                0x0000000008003f34                TIM7_IRQHandler
                0x0000000008003f34                CAN2_TX_IRQHandler
                0x0000000008003f34                TIM5_IRQHandler
                0x0000000008003f34                DMA2_Stream7_IRQHandler
                0x0000000008003f34                I2C3_EV_IRQHandler
                0x0000000008003f34                RTC_WKUP_IRQHandler
                0x0000000008003f34                SPI2_IRQHandler
                0x0000000008003f34                OTG_HS_EP1_IN_IRQHandler
                0x0000000008003f34                DMA1_Stream0_IRQHandler
                0x0000000008003f34                CAN1_TX_IRQHandler
                0x0000000008003f34                EXTI4_IRQHandler
                0x0000000008003f34                FSMC_IRQHandler
                0x0000000008003f34                OTG_HS_EP1_OUT_IRQHandler
                0x0000000008003f34                WWDG_IRQHandler
                0x0000000008003f34                TIM2_IRQHandler
                0x0000000008003f34                OTG_FS_WKUP_IRQHandler
                0x0000000008003f34                TIM1_TRG_COM_TIM11_IRQHandler
                0x0000000008003f34                OTG_HS_IRQHandler
                0x0000000008003f34                EXTI1_IRQHandler
                0x0000000008003f34                USART2_IRQHandler
                0x0000000008003f34                I2C2_ER_IRQHandler
                0x0000000008003f34                DMA2_Stream1_IRQHandler
                0x0000000008003f34                CAN1_SCE_IRQHandler
                0x0000000008003f34                FLASH_IRQHandler
                0x0000000008003f34                DMA2_Stream4_IRQHandler
                0x0000000008003f34                USART1_IRQHandler
                0x0000000008003f34                OTG_FS_IRQHandler
                0x0000000008003f34                SPI3_IRQHandler
                0x0000000008003f34                DMA1_Stream4_IRQHandler
                0x0000000008003f34                I2C1_ER_IRQHandler
                0x0000000008003f34                DMA2_Stream6_IRQHandler
                0x0000000008003f34                DMA1_Stream3_IRQHandler
 *fill*         0x0000000008003f36        0x2 
 .text.HAL_Init
                0x0000000008003f38       0x44 ./Drivers/STM32F4xx_HAL_Driver/Src/stm32f4xx_hal.o
                0x0000000008003f38                HAL_Init
 .text.HAL_IncTick
                0x0000000008003f7c       0x28 ./Drivers/STM32F4xx_HAL_Driver/Src/stm32f4xx_hal.o
                0x0000000008003f7c                HAL_IncTick
 .text.HAL_GetTick
                0x0000000008003fa4       0x18 ./Drivers/STM32F4xx_HAL_Driver/Src/stm32f4xx_hal.o
                0x0000000008003fa4                HAL_GetTick
 .text.HAL_Delay
                0x0000000008003fbc       0x48 ./Drivers/STM32F4xx_HAL_Driver/Src/stm32f4xx_hal.o
                0x0000000008003fbc                HAL_Delay
 .text.__NVIC_SetPriorityGrouping
                0x0000000008004004       0x48 ./Drivers/STM32F4xx_HAL_Driver/Src/stm32f4xx_hal_cortex.o
 .text.__NVIC_GetPriorityGrouping
                0x000000000800404c       0x1c ./Drivers/STM32F4xx_HAL_Driver/Src/stm32f4xx_hal_cortex.o
 .text.__NVIC_EnableIRQ
                0x0000000008004068       0x3c ./Drivers/STM32F4xx_HAL_Driver/Src/stm32f4xx_hal_cortex.o
 .text.__NVIC_SetPriority
                0x00000000080040a4       0x54 ./Drivers/STM32F4xx_HAL_Driver/Src/stm32f4xx_hal_cortex.o
 .text.NVIC_EncodePriority
                0x00000000080040f8       0x66 ./Drivers/STM32F4xx_HAL_Driver/Src/stm32f4xx_hal_cortex.o
 .text.HAL_NVIC_SetPriorityGrouping
                0x000000000800415e       0x16 ./Drivers/STM32F4xx_HAL_Driver/Src/stm32f4xx_hal_cortex.o
                0x000000000800415e                HAL_NVIC_SetPriorityGrouping
 .text.HAL_NVIC_SetPriority
                0x0000000008004174       0x38 ./Drivers/STM32F4xx_HAL_Driver/Src/stm32f4xx_hal_cortex.o
                0x0000000008004174                HAL_NVIC_SetPriority
 .text.HAL_NVIC_EnableIRQ
                0x00000000080041ac       0x1c ./Drivers/STM32F4xx_HAL_Driver/Src/stm32f4xx_hal_cortex.o
                0x00000000080041ac                HAL_NVIC_EnableIRQ
 .text.HAL_GPIO_Init
                0x00000000080041c8      0x338 ./Drivers/STM32F4xx_HAL_Driver/Src/stm32f4xx_hal_gpio.o
                0x00000000080041c8                HAL_GPIO_Init
 .text.HAL_GPIO_ReadPin
                0x0000000008004500       0x30 ./Drivers/STM32F4xx_HAL_Driver/Src/stm32f4xx_hal_gpio.o
                0x0000000008004500                HAL_GPIO_ReadPin
 .text.HAL_GPIO_WritePin
                0x0000000008004530       0x32 ./Drivers/STM32F4xx_HAL_Driver/Src/stm32f4xx_hal_gpio.o
                0x0000000008004530                HAL_GPIO_WritePin
 *fill*         0x0000000008004562        0x2 
 .text.HAL_GPIO_EXTI_IRQHandler
                0x0000000008004564       0x30 ./Drivers/STM32F4xx_HAL_Driver/Src/stm32f4xx_hal_gpio.o
                0x0000000008004564                HAL_GPIO_EXTI_IRQHandler
 .text.HAL_RCC_OscConfig
                0x0000000008004594      0x4f0 ./Drivers/STM32F4xx_HAL_Driver/Src/stm32f4xx_hal_rcc.o
                0x0000000008004594                HAL_RCC_OscConfig
 .text.HAL_RCC_ClockConfig
                0x0000000008004a84      0x1cc ./Drivers/STM32F4xx_HAL_Driver/Src/stm32f4xx_hal_rcc.o
                0x0000000008004a84                HAL_RCC_ClockConfig
 .text.HAL_RCC_GetSysClockFreq
                0x0000000008004c50      0x18c ./Drivers/STM32F4xx_HAL_Driver/Src/stm32f4xx_hal_rcc.o
                0x0000000008004c50                HAL_RCC_GetSysClockFreq
 .text.HAL_RCC_GetHCLKFreq
                0x0000000008004ddc       0x18 ./Drivers/STM32F4xx_HAL_Driver/Src/stm32f4xx_hal_rcc.o
                0x0000000008004ddc                HAL_RCC_GetHCLKFreq
 .text.HAL_RCC_GetPCLK1Freq
                0x0000000008004df4       0x28 ./Drivers/STM32F4xx_HAL_Driver/Src/stm32f4xx_hal_rcc.o
                0x0000000008004df4                HAL_RCC_GetPCLK1Freq
 .text.HAL_RCC_GetClockConfig
                0x0000000008004e1c       0x64 ./Drivers/STM32F4xx_HAL_Driver/Src/stm32f4xx_hal_rcc.o
                0x0000000008004e1c                HAL_RCC_GetClockConfig
 .text.HAL_TIM_Base_Init
                0x0000000008004e80       0x9e ./Drivers/STM32F4xx_HAL_Driver/Src/stm32f4xx_hal_tim.o
                0x0000000008004e80                HAL_TIM_Base_Init
 *fill*         0x0000000008004f1e        0x2 
 .text.HAL_TIM_Base_Start
                0x0000000008004f20       0xd0 ./Drivers/STM32F4xx_HAL_Driver/Src/stm32f4xx_hal_tim.o
                0x0000000008004f20                HAL_TIM_Base_Start
 .text.HAL_TIM_Base_Stop
                0x0000000008004ff0       0x4e ./Drivers/STM32F4xx_HAL_Driver/Src/stm32f4xx_hal_tim.o
                0x0000000008004ff0                HAL_TIM_Base_Stop
 *fill*         0x000000000800503e        0x2 
 .text.HAL_TIM_Base_Start_IT
                0x0000000008005040       0xe0 ./Drivers/STM32F4xx_HAL_Driver/Src/stm32f4xx_hal_tim.o
                0x0000000008005040                HAL_TIM_Base_Start_IT
 .text.HAL_TIM_IRQHandler
                0x0000000008005120      0x210 ./Drivers/STM32F4xx_HAL_Driver/Src/stm32f4xx_hal_tim.o
                0x0000000008005120                HAL_TIM_IRQHandler
 .text.HAL_TIM_ConfigClockSource
                0x0000000008005330      0x18e ./Drivers/STM32F4xx_HAL_Driver/Src/stm32f4xx_hal_tim.o
                0x0000000008005330                HAL_TIM_ConfigClockSource
 .text.HAL_TIM_OC_DelayElapsedCallback
                0x00000000080054be       0x14 ./Drivers/STM32F4xx_HAL_Driver/Src/stm32f4xx_hal_tim.o
                0x00000000080054be                HAL_TIM_OC_DelayElapsedCallback
 .text.HAL_TIM_IC_CaptureCallback
                0x00000000080054d2       0x14 ./Drivers/STM32F4xx_HAL_Driver/Src/stm32f4xx_hal_tim.o
                0x00000000080054d2                HAL_TIM_IC_CaptureCallback
 .text.HAL_TIM_PWM_PulseFinishedCallback
                0x00000000080054e6       0x14 ./Drivers/STM32F4xx_HAL_Driver/Src/stm32f4xx_hal_tim.o
                0x00000000080054e6                HAL_TIM_PWM_PulseFinishedCallback
 .text.HAL_TIM_TriggerCallback
                0x00000000080054fa       0x14 ./Drivers/STM32F4xx_HAL_Driver/Src/stm32f4xx_hal_tim.o
                0x00000000080054fa                HAL_TIM_TriggerCallback
 *fill*         0x000000000800550e        0x2 
 .text.TIM_Base_SetConfig
                0x0000000008005510      0x140 ./Drivers/STM32F4xx_HAL_Driver/Src/stm32f4xx_hal_tim.o
                0x0000000008005510                TIM_Base_SetConfig
 .text.TIM_TI1_ConfigInputStage
                0x0000000008005650       0x5e ./Drivers/STM32F4xx_HAL_Driver/Src/stm32f4xx_hal_tim.o
 .text.TIM_TI2_ConfigInputStage
                0x00000000080056ae       0x60 ./Drivers/STM32F4xx_HAL_Driver/Src/stm32f4xx_hal_tim.o
 .text.TIM_ITRx_SetConfig
                0x000000000800570e       0x36 ./Drivers/STM32F4xx_HAL_Driver/Src/stm32f4xx_hal_tim.o
 .text.TIM_ETR_SetConfig
                0x0000000008005744       0x40 ./Drivers/STM32F4xx_HAL_Driver/Src/stm32f4xx_hal_tim.o
                0x0000000008005744                TIM_ETR_SetConfig
 .text.HAL_TIMEx_MasterConfigSynchronization
                0x0000000008005784       0xf8 ./Drivers/STM32F4xx_HAL_Driver/Src/stm32f4xx_hal_tim_ex.o
                0x0000000008005784                HAL_TIMEx_MasterConfigSynchronization
 .text.HAL_TIMEx_CommutCallback
                0x000000000800587c       0x14 ./Drivers/STM32F4xx_HAL_Driver/Src/stm32f4xx_hal_tim_ex.o
                0x000000000800587c                HAL_TIMEx_CommutCallback
 .text.HAL_TIMEx_BreakCallback
                0x0000000008005890       0x14 ./Drivers/STM32F4xx_HAL_Driver/Src/stm32f4xx_hal_tim_ex.o
                0x0000000008005890                HAL_TIMEx_BreakCallback
 .text.__errno  0x00000000080058a4        0xc c:/st/stm32cubeide_1.11.0/stm32cubeide/plugins/com.st.stm32cube.ide.mcu.externaltools.gnu-tools-for-stm32.10.3-2021.10.win32_1.0.100.202210260954/tools/bin/../lib/gcc/arm-none-eabi/10.3.1/../../../../arm-none-eabi/lib/thumb/v7e-m+fp/hard\libc_nano.a(lib_a-errno.o)
                0x00000000080058a4                __errno
 .text.__libc_init_array
                0x00000000080058b0       0x48 c:/st/stm32cubeide_1.11.0/stm32cubeide/plugins/com.st.stm32cube.ide.mcu.externaltools.gnu-tools-for-stm32.10.3-2021.10.win32_1.0.100.202210260954/tools/bin/../lib/gcc/arm-none-eabi/10.3.1/../../../../arm-none-eabi/lib/thumb/v7e-m+fp/hard\libc_nano.a(lib_a-init.o)
                0x00000000080058b0                __libc_init_array
 .text.memcpy   0x00000000080058f8       0x1c c:/st/stm32cubeide_1.11.0/stm32cubeide/plugins/com.st.stm32cube.ide.mcu.externaltools.gnu-tools-for-stm32.10.3-2021.10.win32_1.0.100.202210260954/tools/bin/../lib/gcc/arm-none-eabi/10.3.1/../../../../arm-none-eabi/lib/thumb/v7e-m+fp/hard\libc_nano.a(lib_a-memcpy-stub.o)
                0x00000000080058f8                memcpy
 .text.memset   0x0000000008005914       0x10 c:/st/stm32cubeide_1.11.0/stm32cubeide/plugins/com.st.stm32cube.ide.mcu.externaltools.gnu-tools-for-stm32.10.3-2021.10.win32_1.0.100.202210260954/tools/bin/../lib/gcc/arm-none-eabi/10.3.1/../../../../arm-none-eabi/lib/thumb/v7e-m+fp/hard\libc_nano.a(lib_a-memset.o)
                0x0000000008005914                memset
 .text.sprintf  0x0000000008005924       0x40 c:/st/stm32cubeide_1.11.0/stm32cubeide/plugins/com.st.stm32cube.ide.mcu.externaltools.gnu-tools-for-stm32.10.3-2021.10.win32_1.0.100.202210260954/tools/bin/../lib/gcc/arm-none-eabi/10.3.1/../../../../arm-none-eabi/lib/thumb/v7e-m+fp/hard\libc_nano.a(lib_a-sprintf.o)
                0x0000000008005924                siprintf
                0x0000000008005924                sprintf
 .text.__ssputs_r
                0x0000000008005964       0xb6 c:/st/stm32cubeide_1.11.0/stm32cubeide/plugins/com.st.stm32cube.ide.mcu.externaltools.gnu-tools-for-stm32.10.3-2021.10.win32_1.0.100.202210260954/tools/bin/../lib/gcc/arm-none-eabi/10.3.1/../../../../arm-none-eabi/lib/thumb/v7e-m+fp/hard\libc_nano.a(lib_a-nano-svfprintf.o)
                0x0000000008005964                __ssputs_r
 *fill*         0x0000000008005a1a        0x2 
 .text._svfprintf_r
                0x0000000008005a1c      0x200 c:/st/stm32cubeide_1.11.0/stm32cubeide/plugins/com.st.stm32cube.ide.mcu.externaltools.gnu-tools-for-stm32.10.3-2021.10.win32_1.0.100.202210260954/tools/bin/../lib/gcc/arm-none-eabi/10.3.1/../../../../arm-none-eabi/lib/thumb/v7e-m+fp/hard\libc_nano.a(lib_a-nano-svfprintf.o)
                0x0000000008005a1c                _svfiprintf_r
                0x0000000008005a1c                _svfprintf_r
 .text._printf_common
                0x0000000008005c1c       0xda c:/st/stm32cubeide_1.11.0/stm32cubeide/plugins/com.st.stm32cube.ide.mcu.externaltools.gnu-tools-for-stm32.10.3-2021.10.win32_1.0.100.202210260954/tools/bin/../lib/gcc/arm-none-eabi/10.3.1/../../../../arm-none-eabi/lib/thumb/v7e-m+fp/hard\libc_nano.a(lib_a-nano-vfprintf_i.o)
                0x0000000008005c1c                _printf_common
 *fill*         0x0000000008005cf6        0x2 
 .text._printf_i
                0x0000000008005cf8      0x24c c:/st/stm32cubeide_1.11.0/stm32cubeide/plugins/com.st.stm32cube.ide.mcu.externaltools.gnu-tools-for-stm32.10.3-2021.10.win32_1.0.100.202210260954/tools/bin/../lib/gcc/arm-none-eabi/10.3.1/../../../../arm-none-eabi/lib/thumb/v7e-m+fp/hard\libc_nano.a(lib_a-nano-vfprintf_i.o)
                0x0000000008005cf8                _printf_i
 .text.memmove  0x0000000008005f44       0x34 c:/st/stm32cubeide_1.11.0/stm32cubeide/plugins/com.st.stm32cube.ide.mcu.externaltools.gnu-tools-for-stm32.10.3-2021.10.win32_1.0.100.202210260954/tools/bin/../lib/gcc/arm-none-eabi/10.3.1/../../../../arm-none-eabi/lib/thumb/v7e-m+fp/hard\libc_nano.a(lib_a-memmove.o)
                0x0000000008005f44                memmove
 .text._free_r  0x0000000008005f78       0x98 c:/st/stm32cubeide_1.11.0/stm32cubeide/plugins/com.st.stm32cube.ide.mcu.externaltools.gnu-tools-for-stm32.10.3-2021.10.win32_1.0.100.202210260954/tools/bin/../lib/gcc/arm-none-eabi/10.3.1/../../../../arm-none-eabi/lib/thumb/v7e-m+fp/hard\libc_nano.a(lib_a-nano-freer.o)
                0x0000000008005f78                _free_r
 .text.sbrk_aligned
                0x0000000008006010       0x40 c:/st/stm32cubeide_1.11.0/stm32cubeide/plugins/com.st.stm32cube.ide.mcu.externaltools.gnu-tools-for-stm32.10.3-2021.10.win32_1.0.100.202210260954/tools/bin/../lib/gcc/arm-none-eabi/10.3.1/../../../../arm-none-eabi/lib/thumb/v7e-m+fp/hard\libc_nano.a(lib_a-nano-mallocr.o)
 .text._malloc_r
                0x0000000008006050       0xe8 c:/st/stm32cubeide_1.11.0/stm32cubeide/plugins/com.st.stm32cube.ide.mcu.externaltools.gnu-tools-for-stm32.10.3-2021.10.win32_1.0.100.202210260954/tools/bin/../lib/gcc/arm-none-eabi/10.3.1/../../../../arm-none-eabi/lib/thumb/v7e-m+fp/hard\libc_nano.a(lib_a-nano-mallocr.o)
                0x0000000008006050                _malloc_r
 .text._realloc_r
                0x0000000008006138       0x5e c:/st/stm32cubeide_1.11.0/stm32cubeide/plugins/com.st.stm32cube.ide.mcu.externaltools.gnu-tools-for-stm32.10.3-2021.10.win32_1.0.100.202210260954/tools/bin/../lib/gcc/arm-none-eabi/10.3.1/../../../../arm-none-eabi/lib/thumb/v7e-m+fp/hard\libc_nano.a(lib_a-nano-reallocr.o)
                0x0000000008006138                _realloc_r
 *fill*         0x0000000008006196        0x2 
 .text._sbrk_r  0x0000000008006198       0x20 c:/st/stm32cubeide_1.11.0/stm32cubeide/plugins/com.st.stm32cube.ide.mcu.externaltools.gnu-tools-for-stm32.10.3-2021.10.win32_1.0.100.202210260954/tools/bin/../lib/gcc/arm-none-eabi/10.3.1/../../../../arm-none-eabi/lib/thumb/v7e-m+fp/hard\libc_nano.a(lib_a-sbrkr.o)
                0x0000000008006198                _sbrk_r
 .text.__malloc_lock
                0x00000000080061b8        0xc c:/st/stm32cubeide_1.11.0/stm32cubeide/plugins/com.st.stm32cube.ide.mcu.externaltools.gnu-tools-for-stm32.10.3-2021.10.win32_1.0.100.202210260954/tools/bin/../lib/gcc/arm-none-eabi/10.3.1/../../../../arm-none-eabi/lib/thumb/v7e-m+fp/hard\libc_nano.a(lib_a-mlock.o)
                0x00000000080061b8                __malloc_lock
 .text.__malloc_unlock
                0x00000000080061c4        0xc c:/st/stm32cubeide_1.11.0/stm32cubeide/plugins/com.st.stm32cube.ide.mcu.externaltools.gnu-tools-for-stm32.10.3-2021.10.win32_1.0.100.202210260954/tools/bin/../lib/gcc/arm-none-eabi/10.3.1/../../../../arm-none-eabi/lib/thumb/v7e-m+fp/hard\libc_nano.a(lib_a-mlock.o)
                0x00000000080061c4                __malloc_unlock
 .text._malloc_usable_size_r
                0x00000000080061d0       0x10 c:/st/stm32cubeide_1.11.0/stm32cubeide/plugins/com.st.stm32cube.ide.mcu.externaltools.gnu-tools-for-stm32.10.3-2021.10.win32_1.0.100.202210260954/tools/bin/../lib/gcc/arm-none-eabi/10.3.1/../../../../arm-none-eabi/lib/thumb/v7e-m+fp/hard\libc_nano.a(lib_a-nano-msizer.o)
                0x00000000080061d0                _malloc_usable_size_r
 .text.__retarget_lock_acquire_recursive
                0x00000000080061e0        0x2 c:/st/stm32cubeide_1.11.0/stm32cubeide/plugins/com.st.stm32cube.ide.mcu.externaltools.gnu-tools-for-stm32.10.3-2021.10.win32_1.0.100.202210260954/tools/bin/../lib/gcc/arm-none-eabi/10.3.1/../../../../arm-none-eabi/lib/thumb/v7e-m+fp/hard\libc_nano.a(lib_a-lock.o)
                0x00000000080061e0                __retarget_lock_acquire_recursive
 .text.__retarget_lock_release_recursive
                0x00000000080061e2        0x2 c:/st/stm32cubeide_1.11.0/stm32cubeide/plugins/com.st.stm32cube.ide.mcu.externaltools.gnu-tools-for-stm32.10.3-2021.10.win32_1.0.100.202210260954/tools/bin/../lib/gcc/arm-none-eabi/10.3.1/../../../../arm-none-eabi/lib/thumb/v7e-m+fp/hard\libc_nano.a(lib_a-lock.o)
                0x00000000080061e2                __retarget_lock_release_recursive
 *(.glue_7)
 .glue_7        0x00000000080061e4        0x0 linker stubs
 *(.glue_7t)
 .glue_7t       0x00000000080061e4        0x0 linker stubs
 *(.eh_frame)
 .eh_frame      0x00000000080061e4        0x0 c:/st/stm32cubeide_1.11.0/stm32cubeide/plugins/com.st.stm32cube.ide.mcu.externaltools.gnu-tools-for-stm32.10.3-2021.10.win32_1.0.100.202210260954/tools/bin/../lib/gcc/arm-none-eabi/10.3.1/thumb/v7e-m+fp/hard/crtbegin.o
 *(.init)
 .init          0x00000000080061e4        0x4 c:/st/stm32cubeide_1.11.0/stm32cubeide/plugins/com.st.stm32cube.ide.mcu.externaltools.gnu-tools-for-stm32.10.3-2021.10.win32_1.0.100.202210260954/tools/bin/../lib/gcc/arm-none-eabi/10.3.1/thumb/v7e-m+fp/hard/crti.o
                0x00000000080061e4                _init
 .init          0x00000000080061e8        0x8 c:/st/stm32cubeide_1.11.0/stm32cubeide/plugins/com.st.stm32cube.ide.mcu.externaltools.gnu-tools-for-stm32.10.3-2021.10.win32_1.0.100.202210260954/tools/bin/../lib/gcc/arm-none-eabi/10.3.1/thumb/v7e-m+fp/hard/crtn.o
 *(.fini)
 .fini          0x00000000080061f0        0x4 c:/st/stm32cubeide_1.11.0/stm32cubeide/plugins/com.st.stm32cube.ide.mcu.externaltools.gnu-tools-for-stm32.10.3-2021.10.win32_1.0.100.202210260954/tools/bin/../lib/gcc/arm-none-eabi/10.3.1/thumb/v7e-m+fp/hard/crti.o
                0x00000000080061f0                _fini
 .fini          0x00000000080061f4        0x8 c:/st/stm32cubeide_1.11.0/stm32cubeide/plugins/com.st.stm32cube.ide.mcu.externaltools.gnu-tools-for-stm32.10.3-2021.10.win32_1.0.100.202210260954/tools/bin/../lib/gcc/arm-none-eabi/10.3.1/thumb/v7e-m+fp/hard/crtn.o
                0x00000000080061fc                . = ALIGN (0x4)
                0x00000000080061fc                _etext = .

.vfp11_veneer   0x00000000080061fc        0x0
 .vfp11_veneer  0x00000000080061fc        0x0 linker stubs

.v4_bx          0x00000000080061fc        0x0
 .v4_bx         0x00000000080061fc        0x0 linker stubs

.iplt           0x00000000080061fc        0x0
 .iplt          0x00000000080061fc        0x0 c:/st/stm32cubeide_1.11.0/stm32cubeide/plugins/com.st.stm32cube.ide.mcu.externaltools.gnu-tools-for-stm32.10.3-2021.10.win32_1.0.100.202210260954/tools/bin/../lib/gcc/arm-none-eabi/10.3.1/thumb/v7e-m+fp/hard/crtbegin.o

.rodata         0x00000000080061fc       0xec
                0x00000000080061fc                . = ALIGN (0x4)
 *(.rodata)
 .rodata        0x00000000080061fc       0x69 ./Core/Src/main.o
 *fill*         0x0000000008006265        0x3 
 .rodata        0x0000000008006268        0x5 ./Core/Src/tasks.o
 *fill*         0x000000000800626d        0x3 
 .rodata        0x0000000008006270        0xd ./Core/Src/timers.o
 *(.rodata*)
 *fill*         0x000000000800627d        0x3 
 .rodata.keymap
                0x0000000008006280       0x10 ./Core/Src/main.o
                0x0000000008006280                keymap
 .rodata.AHBPrescTable
                0x0000000008006290       0x10 ./Core/Src/system_stm32f4xx.o
                0x0000000008006290                AHBPrescTable
 .rodata.APBPrescTable
                0x00000000080062a0        0x8 ./Core/Src/system_stm32f4xx.o
                0x00000000080062a0                APBPrescTable
 .rodata.segmentMap
                0x00000000080062a8        0xa ./Core/Src/tm1637.o
 .rodata._svfprintf_r.str1.1
                0x00000000080062b2       0x11 c:/st/stm32cubeide_1.11.0/stm32cubeide/plugins/com.st.stm32cube.ide.mcu.externaltools.gnu-tools-for-stm32.10.3-2021.10.win32_1.0.100.202210260954/tools/bin/../lib/gcc/arm-none-eabi/10.3.1/../../../../arm-none-eabi/lib/thumb/v7e-m+fp/hard\libc_nano.a(lib_a-nano-svfprintf.o)
 .rodata._printf_i.str1.1
                0x00000000080062c3       0x22 c:/st/stm32cubeide_1.11.0/stm32cubeide/plugins/com.st.stm32cube.ide.mcu.externaltools.gnu-tools-for-stm32.10.3-2021.10.win32_1.0.100.202210260954/tools/bin/../lib/gcc/arm-none-eabi/10.3.1/../../../../arm-none-eabi/lib/thumb/v7e-m+fp/hard\libc_nano.a(lib_a-nano-vfprintf_i.o)
                0x00000000080062e8                . = ALIGN (0x4)
 *fill*         0x00000000080062e5        0x3 

.ARM.extab      0x00000000080062e8        0x0
                0x00000000080062e8                . = ALIGN (0x4)
 *(.ARM.extab* .gnu.linkonce.armextab.*)
                0x00000000080062e8                . = ALIGN (0x4)

.ARM            0x00000000080062e8        0x8
                0x00000000080062e8                . = ALIGN (0x4)
                0x00000000080062e8                __exidx_start = .
 *(.ARM.exidx*)
 .ARM.exidx     0x00000000080062e8        0x8 c:/st/stm32cubeide_1.11.0/stm32cubeide/plugins/com.st.stm32cube.ide.mcu.externaltools.gnu-tools-for-stm32.10.3-2021.10.win32_1.0.100.202210260954/tools/bin/../lib/gcc/arm-none-eabi/10.3.1/thumb/v7e-m+fp/hard\libgcc.a(_udivmoddi4.o)
                0x00000000080062f0                __exidx_end = .
                0x00000000080062f0                . = ALIGN (0x4)

.rel.dyn        0x00000000080062f0        0x0
 .rel.iplt      0x00000000080062f0        0x0 c:/st/stm32cubeide_1.11.0/stm32cubeide/plugins/com.st.stm32cube.ide.mcu.externaltools.gnu-tools-for-stm32.10.3-2021.10.win32_1.0.100.202210260954/tools/bin/../lib/gcc/arm-none-eabi/10.3.1/thumb/v7e-m+fp/hard/crtbegin.o

.preinit_array  0x00000000080062f0        0x0
                0x00000000080062f0                . = ALIGN (0x4)
                0x00000000080062f0                PROVIDE (__preinit_array_start = .)
 *(.preinit_array*)
                0x00000000080062f0                PROVIDE (__preinit_array_end = .)
                0x00000000080062f0                . = ALIGN (0x4)

.init_array     0x00000000080062f0        0x4
                0x00000000080062f0                . = ALIGN (0x4)
                0x00000000080062f0                PROVIDE (__init_array_start = .)
 *(SORT_BY_NAME(.init_array.*))
 *(.init_array*)
 .init_array    0x00000000080062f0        0x4 c:/st/stm32cubeide_1.11.0/stm32cubeide/plugins/com.st.stm32cube.ide.mcu.externaltools.gnu-tools-for-stm32.10.3-2021.10.win32_1.0.100.202210260954/tools/bin/../lib/gcc/arm-none-eabi/10.3.1/thumb/v7e-m+fp/hard/crtbegin.o
                0x00000000080062f4                PROVIDE (__init_array_end = .)
                0x00000000080062f4                . = ALIGN (0x4)

.fini_array     0x00000000080062f4        0x4
                0x00000000080062f4                . = ALIGN (0x4)
                [!provide]                        PROVIDE (__fini_array_start = .)
 *(SORT_BY_NAME(.fini_array.*))
 *(.fini_array*)
 .fini_array    0x00000000080062f4        0x4 c:/st/stm32cubeide_1.11.0/stm32cubeide/plugins/com.st.stm32cube.ide.mcu.externaltools.gnu-tools-for-stm32.10.3-2021.10.win32_1.0.100.202210260954/tools/bin/../lib/gcc/arm-none-eabi/10.3.1/thumb/v7e-m+fp/hard/crtbegin.o
                [!provide]                        PROVIDE (__fini_array_end = .)
                0x00000000080062f8                . = ALIGN (0x4)
                0x00000000080062f8                _sidata = LOADADDR (.data)

.data           0x0000000020000000       0x98 load address 0x00000000080062f8
                0x0000000020000000                . = ALIGN (0x4)
                0x0000000020000000                _sdata = .
 *(.data)
 *(.data*)
 .data.display1
                0x0000000020000000       0x10 ./Core/Src/main.o
                0x0000000020000000                display1
 .data.display2
                0x0000000020000010       0x10 ./Core/Src/main.o
                0x0000000020000010                display2
 .data.uxCriticalNesting
                0x0000000020000020        0x4 ./Core/Src/port.o
 .data.SystemCoreClock
                0x0000000020000024        0x4 ./Core/Src/system_stm32f4xx.o
                0x0000000020000024                SystemCoreClock
 .data.uxTopUsedPriority
                0x0000000020000028        0x4 ./Core/Src/tasks.o
                0x0000000020000028                uxTopUsedPriority
 .data.uwTickPrio
                0x000000002000002c        0x4 ./Drivers/STM32F4xx_HAL_Driver/Src/stm32f4xx_hal.o
                0x000000002000002c                uwTickPrio
 .data.uwTickFreq
                0x0000000020000030        0x1 ./Drivers/STM32F4xx_HAL_Driver/Src/stm32f4xx_hal.o
                0x0000000020000030                uwTickFreq
 *fill*         0x0000000020000031        0x3 
 .data._impure_ptr
                0x0000000020000034        0x4 c:/st/stm32cubeide_1.11.0/stm32cubeide/plugins/com.st.stm32cube.ide.mcu.externaltools.gnu-tools-for-stm32.10.3-2021.10.win32_1.0.100.202210260954/tools/bin/../lib/gcc/arm-none-eabi/10.3.1/../../../../arm-none-eabi/lib/thumb/v7e-m+fp/hard\libc_nano.a(lib_a-impure.o)
                0x0000000020000034                _impure_ptr
 .data.impure_data
                0x0000000020000038       0x60 c:/st/stm32cubeide_1.11.0/stm32cubeide/plugins/com.st.stm32cube.ide.mcu.externaltools.gnu-tools-for-stm32.10.3-2021.10.win32_1.0.100.202210260954/tools/bin/../lib/gcc/arm-none-eabi/10.3.1/../../../../arm-none-eabi/lib/thumb/v7e-m+fp/hard\libc_nano.a(lib_a-impure.o)
 *(.RamFunc)
 *(.RamFunc*)
                0x0000000020000098                . = ALIGN (0x4)
                0x0000000020000098                _edata = .
                0x0000000008006390                _siccmram = LOADADDR (.ccmram)

.igot.plt       0x0000000020000098        0x0 load address 0x0000000008006390
 .igot.plt      0x0000000020000098        0x0 c:/st/stm32cubeide_1.11.0/stm32cubeide/plugins/com.st.stm32cube.ide.mcu.externaltools.gnu-tools-for-stm32.10.3-2021.10.win32_1.0.100.202210260954/tools/bin/../lib/gcc/arm-none-eabi/10.3.1/thumb/v7e-m+fp/hard/crtbegin.o

.ccmram         0x0000000010000000        0x0 load address 0x0000000008006390
                0x0000000010000000                . = ALIGN (0x4)
                0x0000000010000000                _sccmram = .
 *(.ccmram)
 *(.ccmram*)
                0x0000000010000000                . = ALIGN (0x4)
                0x0000000010000000                _eccmram = .
                0x0000000010000000                . = ALIGN (0x4)

.bss            0x0000000020000098    0x12f00
                0x0000000020000098                _sbss = .
                0x0000000020000098                __bss_start__ = _sbss
 *(.bss)
 .bss           0x0000000020000098       0x1c c:/st/stm32cubeide_1.11.0/stm32cubeide/plugins/com.st.stm32cube.ide.mcu.externaltools.gnu-tools-for-stm32.10.3-2021.10.win32_1.0.100.202210260954/tools/bin/../lib/gcc/arm-none-eabi/10.3.1/thumb/v7e-m+fp/hard/crtbegin.o
 *(.bss*)
 .bss.hcsr04_sensors
                0x00000000200000b4       0x80 ./Core/Src/hcsr04.o
                0x00000000200000b4                hcsr04_sensors
 .bss.hcsr04_sensor_count
                0x0000000020000134        0x1 ./Core/Src/hcsr04.o
                0x0000000020000134                hcsr04_sensor_count
 *fill*         0x0000000020000135        0x3 
 .bss.ucHeap    0x0000000020000138    0x12c00 ./Core/Src/heap_4.o
 .bss.xStart    0x0000000020012d38        0x8 ./Core/Src/heap_4.o
 .bss.pxEnd     0x0000000020012d40        0x4 ./Core/Src/heap_4.o
 .bss.xFreeBytesRemaining
                0x0000000020012d44        0x4 ./Core/Src/heap_4.o
 .bss.xMinimumEverFreeBytesRemaining
                0x0000000020012d48        0x4 ./Core/Src/heap_4.o
 .bss.xNumberOfSuccessfulAllocations
                0x0000000020012d4c        0x4 ./Core/Src/heap_4.o
 .bss.xNumberOfSuccessfulFrees
                0x0000000020012d50        0x4 ./Core/Src/heap_4.o
 .bss.lane1_cong
                0x0000000020012d54        0x1 ./Core/Src/main.o
                0x0000000020012d54                lane1_cong
 .bss.lane2_cong
                0x0000000020012d55        0x1 ./Core/Src/main.o
                0x0000000020012d55                lane2_cong
 *fill*         0x0000000020012d56        0x2 
 .bss.a         0x0000000020012d58        0x4 ./Core/Src/main.o
                0x0000000020012d58                a
 .bss.b         0x0000000020012d5c        0x4 ./Core/Src/main.o
                0x0000000020012d5c                b
 .bss.c         0x0000000020012d60        0x4 ./Core/Src/main.o
                0x0000000020012d60                c
 .bss.d         0x0000000020012d64        0x4 ./Core/Src/main.o
                0x0000000020012d64                d
 .bss.ucMaxSysCallPriority
                0x0000000020012d68        0x1 ./Core/Src/port.o
 *fill*         0x0000000020012d69        0x3 
 .bss.ulMaxPRIGROUPValue
                0x0000000020012d6c        0x4 ./Core/Src/port.o
 .bss.xQueueRegistry
                0x0000000020012d70       0x40 ./Core/Src/queue.o
                0x0000000020012d70                xQueueRegistry
 .bss.htim3     0x0000000020012db0       0x48 ./Core/Src/stm32f4xx_hal_timebase_tim.o
                0x0000000020012db0                htim3
 .bss.__sbrk_heap_end
                0x0000000020012df8        0x4 ./Core/Src/sysmem.o
 .bss.pxCurrentTCB
                0x0000000020012dfc        0x4 ./Core/Src/tasks.o
                0x0000000020012dfc                pxCurrentTCB
 .bss.pxReadyTasksLists
                0x0000000020012e00       0x64 ./Core/Src/tasks.o
 .bss.xDelayedTaskList1
                0x0000000020012e64       0x14 ./Core/Src/tasks.o
 .bss.xDelayedTaskList2
                0x0000000020012e78       0x14 ./Core/Src/tasks.o
 .bss.pxDelayedTaskList
                0x0000000020012e8c        0x4 ./Core/Src/tasks.o
 .bss.pxOverflowDelayedTaskList
                0x0000000020012e90        0x4 ./Core/Src/tasks.o
 .bss.xPendingReadyList
                0x0000000020012e94       0x14 ./Core/Src/tasks.o
 .bss.xTasksWaitingTermination
                0x0000000020012ea8       0x14 ./Core/Src/tasks.o
 .bss.uxDeletedTasksWaitingCleanUp
                0x0000000020012ebc        0x4 ./Core/Src/tasks.o
 .bss.xSuspendedTaskList
                0x0000000020012ec0       0x14 ./Core/Src/tasks.o
 .bss.uxCurrentNumberOfTasks
                0x0000000020012ed4        0x4 ./Core/Src/tasks.o
 .bss.xTickCount
                0x0000000020012ed8        0x4 ./Core/Src/tasks.o
 .bss.uxTopReadyPriority
                0x0000000020012edc        0x4 ./Core/Src/tasks.o
 .bss.xSchedulerRunning
                0x0000000020012ee0        0x4 ./Core/Src/tasks.o
 .bss.xPendedTicks
                0x0000000020012ee4        0x4 ./Core/Src/tasks.o
 .bss.xYieldPending
                0x0000000020012ee8        0x4 ./Core/Src/tasks.o
 .bss.xNumOfOverflows
                0x0000000020012eec        0x4 ./Core/Src/tasks.o
 .bss.uxTaskNumber
                0x0000000020012ef0        0x4 ./Core/Src/tasks.o
 .bss.xNextTaskUnblockTime
                0x0000000020012ef4        0x4 ./Core/Src/tasks.o
 .bss.xIdleTaskHandle
                0x0000000020012ef8        0x4 ./Core/Src/tasks.o
 .bss.uxSchedulerSuspended
                0x0000000020012efc        0x4 ./Core/Src/tasks.o
 .bss.htim2     0x0000000020012f00       0x48 ./Core/Src/tim.o
                0x0000000020012f00                htim2
 .bss.xActiveTimerList1
                0x0000000020012f48       0x14 ./Core/Src/timers.o
 .bss.xActiveTimerList2
                0x0000000020012f5c       0x14 ./Core/Src/timers.o
 .bss.pxCurrentTimerList
                0x0000000020012f70        0x4 ./Core/Src/timers.o
 .bss.pxOverflowTimerList
                0x0000000020012f74        0x4 ./Core/Src/timers.o
 .bss.xTimerQueue
                0x0000000020012f78        0x4 ./Core/Src/timers.o
 .bss.xTimerTaskHandle
                0x0000000020012f7c        0x4 ./Core/Src/timers.o
 .bss.xLastTime.0
                0x0000000020012f80        0x4 ./Core/Src/timers.o
 .bss.uwTick    0x0000000020012f84        0x4 ./Drivers/STM32F4xx_HAL_Driver/Src/stm32f4xx_hal.o
                0x0000000020012f84                uwTick
 .bss.__malloc_free_list
                0x0000000020012f88        0x4 c:/st/stm32cubeide_1.11.0/stm32cubeide/plugins/com.st.stm32cube.ide.mcu.externaltools.gnu-tools-for-stm32.10.3-2021.10.win32_1.0.100.202210260954/tools/bin/../lib/gcc/arm-none-eabi/10.3.1/../../../../arm-none-eabi/lib/thumb/v7e-m+fp/hard\libc_nano.a(lib_a-nano-mallocr.o)
                0x0000000020012f88                __malloc_free_list
 .bss.__malloc_sbrk_start
                0x0000000020012f8c        0x4 c:/st/stm32cubeide_1.11.0/stm32cubeide/plugins/com.st.stm32cube.ide.mcu.externaltools.gnu-tools-for-stm32.10.3-2021.10.win32_1.0.100.202210260954/tools/bin/../lib/gcc/arm-none-eabi/10.3.1/../../../../arm-none-eabi/lib/thumb/v7e-m+fp/hard\libc_nano.a(lib_a-nano-mallocr.o)
                0x0000000020012f8c                __malloc_sbrk_start
 .bss.errno     0x0000000020012f90        0x4 c:/st/stm32cubeide_1.11.0/stm32cubeide/plugins/com.st.stm32cube.ide.mcu.externaltools.gnu-tools-for-stm32.10.3-2021.10.win32_1.0.100.202210260954/tools/bin/../lib/gcc/arm-none-eabi/10.3.1/../../../../arm-none-eabi/lib/thumb/v7e-m+fp/hard\libc_nano.a(lib_a-reent.o)
                0x0000000020012f90                errno
 .bss.__lock___malloc_recursive_mutex
                0x0000000020012f94        0x1 c:/st/stm32cubeide_1.11.0/stm32cubeide/plugins/com.st.stm32cube.ide.mcu.externaltools.gnu-tools-for-stm32.10.3-2021.10.win32_1.0.100.202210260954/tools/bin/../lib/gcc/arm-none-eabi/10.3.1/../../../../arm-none-eabi/lib/thumb/v7e-m+fp/hard\libc_nano.a(lib_a-lock.o)
                0x0000000020012f94                __lock___malloc_recursive_mutex
 *(COMMON)
                0x0000000020012f98                . = ALIGN (0x4)
 *fill*         0x0000000020012f95        0x3 
                0x0000000020012f98                _ebss = .
                0x0000000020012f98                __bss_end__ = _ebss

._user_heap_stack
                0x0000000020012f98      0x600
                0x0000000020012f98                . = ALIGN (0x8)
                [!provide]                        PROVIDE (end = .)
                0x0000000020012f98                PROVIDE (_end = .)
                0x0000000020013198                . = (. + _Min_Heap_Size)
 *fill*         0x0000000020012f98      0x200 
                0x0000000020013598                . = (. + _Min_Stack_Size)
 *fill*         0x0000000020013198      0x400 
                0x0000000020013598                . = ALIGN (0x8)

/DISCARD/
 libc.a(*)
 libm.a(*)
 libgcc.a(*)

.ARM.attributes
                0x0000000000000000       0x30
 *(.ARM.attributes)
 .ARM.attributes
                0x0000000000000000       0x1e c:/st/stm32cubeide_1.11.0/stm32cubeide/plugins/com.st.stm32cube.ide.mcu.externaltools.gnu-tools-for-stm32.10.3-2021.10.win32_1.0.100.202210260954/tools/bin/../lib/gcc/arm-none-eabi/10.3.1/thumb/v7e-m+fp/hard/crti.o
 .ARM.attributes
                0x000000000000001e       0x34 c:/st/stm32cubeide_1.11.0/stm32cubeide/plugins/com.st.stm32cube.ide.mcu.externaltools.gnu-tools-for-stm32.10.3-2021.10.win32_1.0.100.202210260954/tools/bin/../lib/gcc/arm-none-eabi/10.3.1/thumb/v7e-m+fp/hard/crtbegin.o
 .ARM.attributes
                0x0000000000000052       0x34 ./Core/Src/gpio.o
 .ARM.attributes
                0x0000000000000086       0x34 ./Core/Src/hcsr04.o
 .ARM.attributes
                0x00000000000000ba       0x34 ./Core/Src/heap_4.o
 .ARM.attributes
                0x00000000000000ee       0x34 ./Core/Src/lcd.o
 .ARM.attributes
                0x0000000000000122       0x34 ./Core/Src/list.o
 .ARM.attributes
                0x0000000000000156       0x34 ./Core/Src/main.o
 .ARM.attributes
                0x000000000000018a       0x34 ./Core/Src/port.o
 .ARM.attributes
                0x00000000000001be       0x34 ./Core/Src/queue.o
 .ARM.attributes
                0x00000000000001f2       0x34 ./Core/Src/stm32f4xx_hal_msp.o
 .ARM.attributes
                0x0000000000000226       0x34 ./Core/Src/stm32f4xx_hal_timebase_tim.o
 .ARM.attributes
                0x000000000000025a       0x34 ./Core/Src/stm32f4xx_it.o
 .ARM.attributes
                0x000000000000028e       0x34 ./Core/Src/sysmem.o
 .ARM.attributes
                0x00000000000002c2       0x34 ./Core/Src/system_stm32f4xx.o
 .ARM.attributes
                0x00000000000002f6       0x34 ./Core/Src/tasks.o
 .ARM.attributes
                0x000000000000032a       0x34 ./Core/Src/tim.o
 .ARM.attributes
                0x000000000000035e       0x34 ./Core/Src/timers.o
 .ARM.attributes
                0x0000000000000392       0x34 ./Core/Src/tm1637.o
 .ARM.attributes
                0x00000000000003c6       0x21 ./Core/Startup/startup_stm32f405rgtx.o
 .ARM.attributes
                0x00000000000003e7       0x34 ./Drivers/STM32F4xx_HAL_Driver/Src/stm32f4xx_hal.o
 .ARM.attributes
                0x000000000000041b       0x34 ./Drivers/STM32F4xx_HAL_Driver/Src/stm32f4xx_hal_cortex.o
 .ARM.attributes
                0x000000000000044f       0x34 ./Drivers/STM32F4xx_HAL_Driver/Src/stm32f4xx_hal_gpio.o
 .ARM.attributes
                0x0000000000000483       0x34 ./Drivers/STM32F4xx_HAL_Driver/Src/stm32f4xx_hal_rcc.o
 .ARM.attributes
                0x00000000000004b7       0x34 ./Drivers/STM32F4xx_HAL_Driver/Src/stm32f4xx_hal_tim.o
 .ARM.attributes
                0x00000000000004eb       0x34 ./Drivers/STM32F4xx_HAL_Driver/Src/stm32f4xx_hal_tim_ex.o
 .ARM.attributes
                0x000000000000051f       0x34 c:/st/stm32cubeide_1.11.0/stm32cubeide/plugins/com.st.stm32cube.ide.mcu.externaltools.gnu-tools-for-stm32.10.3-2021.10.win32_1.0.100.202210260954/tools/bin/../lib/gcc/arm-none-eabi/10.3.1/../../../../arm-none-eabi/lib/thumb/v7e-m+fp/hard\libc_nano.a(lib_a-errno.o)
 .ARM.attributes
                0x0000000000000553       0x34 c:/st/stm32cubeide_1.11.0/stm32cubeide/plugins/com.st.stm32cube.ide.mcu.externaltools.gnu-tools-for-stm32.10.3-2021.10.win32_1.0.100.202210260954/tools/bin/../lib/gcc/arm-none-eabi/10.3.1/../../../../arm-none-eabi/lib/thumb/v7e-m+fp/hard\libc_nano.a(lib_a-impure.o)
 .ARM.attributes
                0x0000000000000587       0x34 c:/st/stm32cubeide_1.11.0/stm32cubeide/plugins/com.st.stm32cube.ide.mcu.externaltools.gnu-tools-for-stm32.10.3-2021.10.win32_1.0.100.202210260954/tools/bin/../lib/gcc/arm-none-eabi/10.3.1/../../../../arm-none-eabi/lib/thumb/v7e-m+fp/hard\libc_nano.a(lib_a-init.o)
 .ARM.attributes
                0x00000000000005bb       0x34 c:/st/stm32cubeide_1.11.0/stm32cubeide/plugins/com.st.stm32cube.ide.mcu.externaltools.gnu-tools-for-stm32.10.3-2021.10.win32_1.0.100.202210260954/tools/bin/../lib/gcc/arm-none-eabi/10.3.1/../../../../arm-none-eabi/lib/thumb/v7e-m+fp/hard\libc_nano.a(lib_a-memcpy-stub.o)
 .ARM.attributes
                0x00000000000005ef       0x34 c:/st/stm32cubeide_1.11.0/stm32cubeide/plugins/com.st.stm32cube.ide.mcu.externaltools.gnu-tools-for-stm32.10.3-2021.10.win32_1.0.100.202210260954/tools/bin/../lib/gcc/arm-none-eabi/10.3.1/../../../../arm-none-eabi/lib/thumb/v7e-m+fp/hard\libc_nano.a(lib_a-memset.o)
 .ARM.attributes
                0x0000000000000623       0x34 c:/st/stm32cubeide_1.11.0/stm32cubeide/plugins/com.st.stm32cube.ide.mcu.externaltools.gnu-tools-for-stm32.10.3-2021.10.win32_1.0.100.202210260954/tools/bin/../lib/gcc/arm-none-eabi/10.3.1/../../../../arm-none-eabi/lib/thumb/v7e-m+fp/hard\libc_nano.a(lib_a-sprintf.o)
 .ARM.attributes
                0x0000000000000657       0x1c c:/st/stm32cubeide_1.11.0/stm32cubeide/plugins/com.st.stm32cube.ide.mcu.externaltools.gnu-tools-for-stm32.10.3-2021.10.win32_1.0.100.202210260954/tools/bin/../lib/gcc/arm-none-eabi/10.3.1/../../../../arm-none-eabi/lib/thumb/v7e-m+fp/hard\libc_nano.a(lib_a-strcmp.o)
 .ARM.attributes
                0x0000000000000673       0x34 c:/st/stm32cubeide_1.11.0/stm32cubeide/plugins/com.st.stm32cube.ide.mcu.externaltools.gnu-tools-for-stm32.10.3-2021.10.win32_1.0.100.202210260954/tools/bin/../lib/gcc/arm-none-eabi/10.3.1/../../../../arm-none-eabi/lib/thumb/v7e-m+fp/hard\libc_nano.a(lib_a-nano-svfprintf.o)
 .ARM.attributes
                0x00000000000006a7       0x34 c:/st/stm32cubeide_1.11.0/stm32cubeide/plugins/com.st.stm32cube.ide.mcu.externaltools.gnu-tools-for-stm32.10.3-2021.10.win32_1.0.100.202210260954/tools/bin/../lib/gcc/arm-none-eabi/10.3.1/../../../../arm-none-eabi/lib/thumb/v7e-m+fp/hard\libc_nano.a(lib_a-nano-vfprintf_i.o)
 .ARM.attributes
                0x00000000000006db       0x1c c:/st/stm32cubeide_1.11.0/stm32cubeide/plugins/com.st.stm32cube.ide.mcu.externaltools.gnu-tools-for-stm32.10.3-2021.10.win32_1.0.100.202210260954/tools/bin/../lib/gcc/arm-none-eabi/10.3.1/../../../../arm-none-eabi/lib/thumb/v7e-m+fp/hard\libc_nano.a(lib_a-memchr.o)
 .ARM.attributes
                0x00000000000006f7       0x34 c:/st/stm32cubeide_1.11.0/stm32cubeide/plugins/com.st.stm32cube.ide.mcu.externaltools.gnu-tools-for-stm32.10.3-2021.10.win32_1.0.100.202210260954/tools/bin/../lib/gcc/arm-none-eabi/10.3.1/../../../../arm-none-eabi/lib/thumb/v7e-m+fp/hard\libc_nano.a(lib_a-memmove.o)
 .ARM.attributes
                0x000000000000072b       0x34 c:/st/stm32cubeide_1.11.0/stm32cubeide/plugins/com.st.stm32cube.ide.mcu.externaltools.gnu-tools-for-stm32.10.3-2021.10.win32_1.0.100.202210260954/tools/bin/../lib/gcc/arm-none-eabi/10.3.1/../../../../arm-none-eabi/lib/thumb/v7e-m+fp/hard\libc_nano.a(lib_a-nano-freer.o)
 .ARM.attributes
                0x000000000000075f       0x34 c:/st/stm32cubeide_1.11.0/stm32cubeide/plugins/com.st.stm32cube.ide.mcu.externaltools.gnu-tools-for-stm32.10.3-2021.10.win32_1.0.100.202210260954/tools/bin/../lib/gcc/arm-none-eabi/10.3.1/../../../../arm-none-eabi/lib/thumb/v7e-m+fp/hard\libc_nano.a(lib_a-nano-mallocr.o)
 .ARM.attributes
                0x0000000000000793       0x34 c:/st/stm32cubeide_1.11.0/stm32cubeide/plugins/com.st.stm32cube.ide.mcu.externaltools.gnu-tools-for-stm32.10.3-2021.10.win32_1.0.100.202210260954/tools/bin/../lib/gcc/arm-none-eabi/10.3.1/../../../../arm-none-eabi/lib/thumb/v7e-m+fp/hard\libc_nano.a(lib_a-nano-reallocr.o)
 .ARM.attributes
                0x00000000000007c7       0x34 c:/st/stm32cubeide_1.11.0/stm32cubeide/plugins/com.st.stm32cube.ide.mcu.externaltools.gnu-tools-for-stm32.10.3-2021.10.win32_1.0.100.202210260954/tools/bin/../lib/gcc/arm-none-eabi/10.3.1/../../../../arm-none-eabi/lib/thumb/v7e-m+fp/hard\libc_nano.a(lib_a-sbrkr.o)
 .ARM.attributes
                0x00000000000007fb       0x34 c:/st/stm32cubeide_1.11.0/stm32cubeide/plugins/com.st.stm32cube.ide.mcu.externaltools.gnu-tools-for-stm32.10.3-2021.10.win32_1.0.100.202210260954/tools/bin/../lib/gcc/arm-none-eabi/10.3.1/../../../../arm-none-eabi/lib/thumb/v7e-m+fp/hard\libc_nano.a(lib_a-mlock.o)
 .ARM.attributes
                0x000000000000082f       0x34 c:/st/stm32cubeide_1.11.0/stm32cubeide/plugins/com.st.stm32cube.ide.mcu.externaltools.gnu-tools-for-stm32.10.3-2021.10.win32_1.0.100.202210260954/tools/bin/../lib/gcc/arm-none-eabi/10.3.1/../../../../arm-none-eabi/lib/thumb/v7e-m+fp/hard\libc_nano.a(lib_a-nano-msizer.o)
 .ARM.attributes
                0x0000000000000863       0x34 c:/st/stm32cubeide_1.11.0/stm32cubeide/plugins/com.st.stm32cube.ide.mcu.externaltools.gnu-tools-for-stm32.10.3-2021.10.win32_1.0.100.202210260954/tools/bin/../lib/gcc/arm-none-eabi/10.3.1/../../../../arm-none-eabi/lib/thumb/v7e-m+fp/hard\libc_nano.a(lib_a-reent.o)
 .ARM.attributes
                0x0000000000000897       0x34 c:/st/stm32cubeide_1.11.0/stm32cubeide/plugins/com.st.stm32cube.ide.mcu.externaltools.gnu-tools-for-stm32.10.3-2021.10.win32_1.0.100.202210260954/tools/bin/../lib/gcc/arm-none-eabi/10.3.1/../../../../arm-none-eabi/lib/thumb/v7e-m+fp/hard\libc_nano.a(lib_a-lock.o)
 .ARM.attributes
                0x00000000000008cb       0x1e c:/st/stm32cubeide_1.11.0/stm32cubeide/plugins/com.st.stm32cube.ide.mcu.externaltools.gnu-tools-for-stm32.10.3-2021.10.win32_1.0.100.202210260954/tools/bin/../lib/gcc/arm-none-eabi/10.3.1/thumb/v7e-m+fp/hard\libgcc.a(_aeabi_uldivmod.o)
 .ARM.attributes
                0x00000000000008e9       0x34 c:/st/stm32cubeide_1.11.0/stm32cubeide/plugins/com.st.stm32cube.ide.mcu.externaltools.gnu-tools-for-stm32.10.3-2021.10.win32_1.0.100.202210260954/tools/bin/../lib/gcc/arm-none-eabi/10.3.1/thumb/v7e-m+fp/hard\libgcc.a(_udivmoddi4.o)
 .ARM.attributes
                0x000000000000091d       0x1e c:/st/stm32cubeide_1.11.0/stm32cubeide/plugins/com.st.stm32cube.ide.mcu.externaltools.gnu-tools-for-stm32.10.3-2021.10.win32_1.0.100.202210260954/tools/bin/../lib/gcc/arm-none-eabi/10.3.1/thumb/v7e-m+fp/hard\libgcc.a(_dvmd_tls.o)
 .ARM.attributes
                0x000000000000093b       0x1e c:/st/stm32cubeide_1.11.0/stm32cubeide/plugins/com.st.stm32cube.ide.mcu.externaltools.gnu-tools-for-stm32.10.3-2021.10.win32_1.0.100.202210260954/tools/bin/../lib/gcc/arm-none-eabi/10.3.1/thumb/v7e-m+fp/hard/crtn.o
OUTPUT(EMB_PROJ_RTOS.elf elf32-littlearm)
LOAD linker stubs
LOAD c:/st/stm32cubeide_1.11.0/stm32cubeide/plugins/com.st.stm32cube.ide.mcu.externaltools.gnu-tools-for-stm32.10.3-2021.10.win32_1.0.100.202210260954/tools/bin/../lib/gcc/arm-none-eabi/10.3.1/../../../../arm-none-eabi/lib/thumb/v7e-m+fp/hard\libc.a
LOAD c:/st/stm32cubeide_1.11.0/stm32cubeide/plugins/com.st.stm32cube.ide.mcu.externaltools.gnu-tools-for-stm32.10.3-2021.10.win32_1.0.100.202210260954/tools/bin/../lib/gcc/arm-none-eabi/10.3.1/../../../../arm-none-eabi/lib/thumb/v7e-m+fp/hard\libm.a
LOAD c:/st/stm32cubeide_1.11.0/stm32cubeide/plugins/com.st.stm32cube.ide.mcu.externaltools.gnu-tools-for-stm32.10.3-2021.10.win32_1.0.100.202210260954/tools/bin/../lib/gcc/arm-none-eabi/10.3.1/thumb/v7e-m+fp/hard\libgcc.a

.debug_info     0x0000000000000000    0x11d5b
 .debug_info    0x0000000000000000      0x6c0 ./Core/Src/gpio.o
 .debug_info    0x00000000000006c0      0xad4 ./Core/Src/hcsr04.o
 .debug_info    0x0000000000001194      0x558 ./Core/Src/heap_4.o
 .debug_info    0x00000000000016ec      0x527 ./Core/Src/lcd.o
 .debug_info    0x0000000000001c13      0x2d1 ./Core/Src/list.o
 .debug_info    0x0000000000001ee4     0x12ec ./Core/Src/main.o
 .debug_info    0x00000000000031d0      0x507 ./Core/Src/port.o
 .debug_info    0x00000000000036d7     0x196b ./Core/Src/queue.o
 .debug_info    0x0000000000005042      0x2a8 ./Core/Src/stm32f4xx_hal_msp.o
 .debug_info    0x00000000000052ea      0xc39 ./Core/Src/stm32f4xx_hal_timebase_tim.o
 .debug_info    0x0000000000005f23      0x758 ./Core/Src/stm32f4xx_it.o
 .debug_info    0x000000000000667b      0x171 ./Core/Src/sysmem.o
 .debug_info    0x00000000000067ec      0x523 ./Core/Src/system_stm32f4xx.o
 .debug_info    0x0000000000006d0f     0x25ab ./Core/Src/tasks.o
 .debug_info    0x00000000000092ba      0x9e6 ./Core/Src/tim.o
 .debug_info    0x0000000000009ca0      0xeaf ./Core/Src/timers.o
 .debug_info    0x000000000000ab4f      0x809 ./Core/Src/tm1637.o
 .debug_info    0x000000000000b358       0x22 ./Core/Startup/startup_stm32f405rgtx.o
 .debug_info    0x000000000000b37a      0x96a ./Drivers/STM32F4xx_HAL_Driver/Src/stm32f4xx_hal.o
 .debug_info    0x000000000000bce4      0xe09 ./Drivers/STM32F4xx_HAL_Driver/Src/stm32f4xx_hal_cortex.o
 .debug_info    0x000000000000caed      0x76a ./Drivers/STM32F4xx_HAL_Driver/Src/stm32f4xx_hal_gpio.o
 .debug_info    0x000000000000d257      0x966 ./Drivers/STM32F4xx_HAL_Driver/Src/stm32f4xx_hal_rcc.o
 .debug_info    0x000000000000dbbd     0x2bbe ./Drivers/STM32F4xx_HAL_Driver/Src/stm32f4xx_hal_tim.o
 .debug_info    0x000000000001077b     0x15e0 ./Drivers/STM32F4xx_HAL_Driver/Src/stm32f4xx_hal_tim_ex.o

.debug_abbrev   0x0000000000000000     0x2fb3
 .debug_abbrev  0x0000000000000000      0x164 ./Core/Src/gpio.o
 .debug_abbrev  0x0000000000000164      0x246 ./Core/Src/hcsr04.o
 .debug_abbrev  0x00000000000003aa      0x24e ./Core/Src/heap_4.o
 .debug_abbrev  0x00000000000005f8      0x13d ./Core/Src/lcd.o
 .debug_abbrev  0x0000000000000735       0xf2 ./Core/Src/list.o
 .debug_abbrev  0x0000000000000827      0x394 ./Core/Src/main.o
 .debug_abbrev  0x0000000000000bbb      0x259 ./Core/Src/port.o
 .debug_abbrev  0x0000000000000e14      0x312 ./Core/Src/queue.o
 .debug_abbrev  0x0000000000001126       0xd4 ./Core/Src/stm32f4xx_hal_msp.o
 .debug_abbrev  0x00000000000011fa      0x1e6 ./Core/Src/stm32f4xx_hal_timebase_tim.o
 .debug_abbrev  0x00000000000013e0      0x186 ./Core/Src/stm32f4xx_it.o
 .debug_abbrev  0x0000000000001566       0xbb ./Core/Src/sysmem.o
 .debug_abbrev  0x0000000000001621      0x116 ./Core/Src/system_stm32f4xx.o
 .debug_abbrev  0x0000000000001737      0x36c ./Core/Src/tasks.o
 .debug_abbrev  0x0000000000001aa3      0x1c2 ./Core/Src/tim.o
 .debug_abbrev  0x0000000000001c65      0x2c5 ./Core/Src/timers.o
 .debug_abbrev  0x0000000000001f2a      0x224 ./Core/Src/tm1637.o
 .debug_abbrev  0x000000000000214e       0x12 ./Core/Startup/startup_stm32f405rgtx.o
 .debug_abbrev  0x0000000000002160      0x20d ./Drivers/STM32F4xx_HAL_Driver/Src/stm32f4xx_hal.o
 .debug_abbrev  0x000000000000236d      0x316 ./Drivers/STM32F4xx_HAL_Driver/Src/stm32f4xx_hal_cortex.o
 .debug_abbrev  0x0000000000002683      0x1c4 ./Drivers/STM32F4xx_HAL_Driver/Src/stm32f4xx_hal_gpio.o
 .debug_abbrev  0x0000000000002847      0x2aa ./Drivers/STM32F4xx_HAL_Driver/Src/stm32f4xx_hal_rcc.o
 .debug_abbrev  0x0000000000002af1      0x25d ./Drivers/STM32F4xx_HAL_Driver/Src/stm32f4xx_hal_tim.o
 .debug_abbrev  0x0000000000002d4e      0x265 ./Drivers/STM32F4xx_HAL_Driver/Src/stm32f4xx_hal_tim_ex.o

.debug_aranges  0x0000000000000000     0x1038
 .debug_aranges
                0x0000000000000000       0x20 ./Core/Src/gpio.o
 .debug_aranges
                0x0000000000000020       0x40 ./Core/Src/hcsr04.o
 .debug_aranges
                0x0000000000000060       0x60 ./Core/Src/heap_4.o
 .debug_aranges
                0x00000000000000c0       0x60 ./Core/Src/lcd.o
 .debug_aranges
                0x0000000000000120       0x40 ./Core/Src/list.o
 .debug_aranges
                0x0000000000000160       0x70 ./Core/Src/main.o
 .debug_aranges
                0x00000000000001d0       0x80 ./Core/Src/port.o
 .debug_aranges
                0x0000000000000250      0x130 ./Core/Src/queue.o
 .debug_aranges
                0x0000000000000380       0x20 ./Core/Src/stm32f4xx_hal_msp.o
 .debug_aranges
                0x00000000000003a0       0x30 ./Core/Src/stm32f4xx_hal_timebase_tim.o
 .debug_aranges
                0x00000000000003d0       0x68 ./Core/Src/stm32f4xx_it.o
 .debug_aranges
                0x0000000000000438       0x20 ./Core/Src/sysmem.o
 .debug_aranges
                0x0000000000000458       0x28 ./Core/Src/system_stm32f4xx.o
 .debug_aranges
                0x0000000000000480      0x1f8 ./Core/Src/tasks.o
 .debug_aranges
                0x0000000000000678       0x30 ./Core/Src/tim.o
 .debug_aranges
                0x00000000000006a8       0xe8 ./Core/Src/timers.o
 .debug_aranges
                0x0000000000000790       0x60 ./Core/Src/tm1637.o
 .debug_aranges
                0x00000000000007f0       0x28 ./Core/Startup/startup_stm32f405rgtx.o
 .debug_aranges
                0x0000000000000818       0xf0 ./Drivers/STM32F4xx_HAL_Driver/Src/stm32f4xx_hal.o
 .debug_aranges
                0x0000000000000908      0x118 ./Drivers/STM32F4xx_HAL_Driver/Src/stm32f4xx_hal_cortex.o
 .debug_aranges
                0x0000000000000a20       0x58 ./Drivers/STM32F4xx_HAL_Driver/Src/stm32f4xx_hal_gpio.o
 .debug_aranges
                0x0000000000000a78       0x88 ./Drivers/STM32F4xx_HAL_Driver/Src/stm32f4xx_hal_rcc.o
 .debug_aranges
                0x0000000000000b00      0x3d0 ./Drivers/STM32F4xx_HAL_Driver/Src/stm32f4xx_hal_tim.o
 .debug_aranges
                0x0000000000000ed0      0x168 ./Drivers/STM32F4xx_HAL_Driver/Src/stm32f4xx_hal_tim_ex.o

.debug_ranges   0x0000000000000000      0xec0
 .debug_ranges  0x0000000000000000       0x10 ./Core/Src/gpio.o
 .debug_ranges  0x0000000000000010       0x30 ./Core/Src/hcsr04.o
 .debug_ranges  0x0000000000000040       0x50 ./Core/Src/heap_4.o
 .debug_ranges  0x0000000000000090       0x50 ./Core/Src/lcd.o
 .debug_ranges  0x00000000000000e0       0x30 ./Core/Src/list.o
 .debug_ranges  0x0000000000000110       0x60 ./Core/Src/main.o
 .debug_ranges  0x0000000000000170       0x70 ./Core/Src/port.o
 .debug_ranges  0x00000000000001e0      0x120 ./Core/Src/queue.o
 .debug_ranges  0x0000000000000300       0x10 ./Core/Src/stm32f4xx_hal_msp.o
 .debug_ranges  0x0000000000000310       0x20 ./Core/Src/stm32f4xx_hal_timebase_tim.o
 .debug_ranges  0x0000000000000330       0x58 ./Core/Src/stm32f4xx_it.o
 .debug_ranges  0x0000000000000388       0x10 ./Core/Src/sysmem.o
 .debug_ranges  0x0000000000000398       0x18 ./Core/Src/system_stm32f4xx.o
 .debug_ranges  0x00000000000003b0      0x1e8 ./Core/Src/tasks.o
 .debug_ranges  0x0000000000000598       0x20 ./Core/Src/tim.o
 .debug_ranges  0x00000000000005b8       0xd8 ./Core/Src/timers.o
 .debug_ranges  0x0000000000000690       0x50 ./Core/Src/tm1637.o
 .debug_ranges  0x00000000000006e0       0x20 ./Core/Startup/startup_stm32f405rgtx.o
 .debug_ranges  0x0000000000000700       0xe0 ./Drivers/STM32F4xx_HAL_Driver/Src/stm32f4xx_hal.o
 .debug_ranges  0x00000000000007e0      0x108 ./Drivers/STM32F4xx_HAL_Driver/Src/stm32f4xx_hal_cortex.o
 .debug_ranges  0x00000000000008e8       0x48 ./Drivers/STM32F4xx_HAL_Driver/Src/stm32f4xx_hal_gpio.o
 .debug_ranges  0x0000000000000930       0x78 ./Drivers/STM32F4xx_HAL_Driver/Src/stm32f4xx_hal_rcc.o
 .debug_ranges  0x00000000000009a8      0x3c0 ./Drivers/STM32F4xx_HAL_Driver/Src/stm32f4xx_hal_tim.o
 .debug_ranges  0x0000000000000d68      0x158 ./Drivers/STM32F4xx_HAL_Driver/Src/stm32f4xx_hal_tim_ex.o

.debug_macro    0x0000000000000000    0x1f2b0
 .debug_macro   0x0000000000000000      0x1dd ./Core/Src/gpio.o
 .debug_macro   0x00000000000001dd      0x295 ./Core/Src/gpio.o
 .debug_macro   0x0000000000000472       0x2e ./Core/Src/gpio.o
 .debug_macro   0x00000000000004a0       0x2f ./Core/Src/gpio.o
 .debug_macro   0x00000000000004cf       0x1c ./Core/Src/gpio.o
 .debug_macro   0x00000000000004eb       0x22 ./Core/Src/gpio.o
 .debug_macro   0x000000000000050d       0xd9 ./Core/Src/gpio.o
 .debug_macro   0x00000000000005e6     0x102d ./Core/Src/gpio.o
 .debug_macro   0x0000000000001613      0x11f ./Core/Src/gpio.o
 .debug_macro   0x0000000000001732    0x1426d ./Core/Src/gpio.o
 .debug_macro   0x000000000001599f       0x6d ./Core/Src/gpio.o
 .debug_macro   0x0000000000015a0c     0x367e ./Core/Src/gpio.o
 .debug_macro   0x000000000001908a       0x5c ./Core/Src/gpio.o
 .debug_macro   0x00000000000190e6      0x8a7 ./Core/Src/gpio.o
 .debug_macro   0x000000000001998d      0x9fe ./Core/Src/gpio.o
 .debug_macro   0x000000000001a38b      0x115 ./Core/Src/gpio.o
 .debug_macro   0x000000000001a4a0      0x130 ./Core/Src/gpio.o
 .debug_macro   0x000000000001a5d0       0xa5 ./Core/Src/gpio.o
 .debug_macro   0x000000000001a675      0x174 ./Core/Src/gpio.o
 .debug_macro   0x000000000001a7e9      0x287 ./Core/Src/gpio.o
 .debug_macro   0x000000000001aa70       0x5f ./Core/Src/gpio.o
 .debug_macro   0x000000000001aacf      0x236 ./Core/Src/gpio.o
 .debug_macro   0x000000000001ad05      0x12c ./Core/Src/gpio.o
 .debug_macro   0x000000000001ae31      0x21e ./Core/Src/gpio.o
 .debug_macro   0x000000000001b04f       0x2e ./Core/Src/gpio.o
 .debug_macro   0x000000000001b07d      0x11a ./Core/Src/gpio.o
 .debug_macro   0x000000000001b197       0x7e ./Core/Src/gpio.o
 .debug_macro   0x000000000001b215       0x89 ./Core/Src/gpio.o
 .debug_macro   0x000000000001b29e      0x8e6 ./Core/Src/gpio.o
 .debug_macro   0x000000000001bb84       0x47 ./Core/Src/gpio.o
 .debug_macro   0x000000000001bbcb      0x12d ./Core/Src/gpio.o
 .debug_macro   0x000000000001bcf8       0xf4 ./Core/Src/gpio.o
 .debug_macro   0x000000000001bdec      0x1ce ./Core/Src/hcsr04.o
 .debug_macro   0x000000000001bfba      0x219 ./Core/Src/heap_4.o
 .debug_macro   0x000000000001c1d3       0x16 ./Core/Src/heap_4.o
 .debug_macro   0x000000000001c1e9       0x35 ./Core/Src/heap_4.o
 .debug_macro   0x000000000001c21e       0x20 ./Core/Src/heap_4.o
 .debug_macro   0x000000000001c23e       0xce ./Core/Src/lcd.o
 .debug_macro   0x000000000001c30c       0x4c ./Core/Src/lcd.o
 .debug_macro   0x000000000001c358      0x198 ./Core/Src/list.o
 .debug_macro   0x000000000001c4f0      0x439 ./Core/Src/main.o
 .debug_macro   0x000000000001c929       0x52 ./Core/Src/main.o
 .debug_macro   0x000000000001c97b       0x10 ./Core/Src/main.o
 .debug_macro   0x000000000001c98b       0x80 ./Core/Src/main.o
 .debug_macro   0x000000000001ca0b       0x77 ./Core/Src/main.o
 .debug_macro   0x000000000001ca82       0x52 ./Core/Src/main.o
 .debug_macro   0x000000000001cad4       0x1c ./Core/Src/main.o
 .debug_macro   0x000000000001caf0       0x10 ./Core/Src/main.o
 .debug_macro   0x000000000001cb00       0x10 ./Core/Src/main.o
 .debug_macro   0x000000000001cb10       0x1c ./Core/Src/main.o
 .debug_macro   0x000000000001cb2c       0x52 ./Core/Src/main.o
 .debug_macro   0x000000000001cb7e       0x22 ./Core/Src/main.o
 .debug_macro   0x000000000001cba0       0x10 ./Core/Src/main.o
 .debug_macro   0x000000000001cbb0       0x52 ./Core/Src/main.o
 .debug_macro   0x000000000001cc02       0xd5 ./Core/Src/main.o
 .debug_macro   0x000000000001ccd7       0x1c ./Core/Src/main.o
 .debug_macro   0x000000000001ccf3       0x3d ./Core/Src/main.o
 .debug_macro   0x000000000001cd30       0x16 ./Core/Src/main.o
 .debug_macro   0x000000000001cd46      0x145 ./Core/Src/main.o
 .debug_macro   0x000000000001ce8b      0x1a7 ./Core/Src/port.o
 .debug_macro   0x000000000001d032      0x22f ./Core/Src/queue.o
 .debug_macro   0x000000000001d261      0x1d3 ./Core/Src/stm32f4xx_hal_msp.o
 .debug_macro   0x000000000001d434      0x1c4 ./Core/Src/stm32f4xx_hal_timebase_tim.o
 .debug_macro   0x000000000001d5f8      0x1dd ./Core/Src/stm32f4xx_it.o
 .debug_macro   0x000000000001d7d5       0xff ./Core/Src/sysmem.o
 .debug_macro   0x000000000001d8d4      0x23b ./Core/Src/sysmem.o
 .debug_macro   0x000000000001db0f      0x1c4 ./Core/Src/system_stm32f4xx.o
 .debug_macro   0x000000000001dcd3      0x27e ./Core/Src/tasks.o
 .debug_macro   0x000000000001df51       0x17 ./Core/Src/tasks.o
 .debug_macro   0x000000000001df68      0x1dd ./Core/Src/tim.o
 .debug_macro   0x000000000001e145      0x1e7 ./Core/Src/timers.o
 .debug_macro   0x000000000001e32c       0x97 ./Core/Src/timers.o
 .debug_macro   0x000000000001e3c3      0x3ca ./Core/Src/tm1637.o
 .debug_macro   0x000000000001e78d      0x224 ./Drivers/STM32F4xx_HAL_Driver/Src/stm32f4xx_hal.o
 .debug_macro   0x000000000001e9b1      0x1c4 ./Drivers/STM32F4xx_HAL_Driver/Src/stm32f4xx_hal_cortex.o
 .debug_macro   0x000000000001eb75      0x1ca ./Drivers/STM32F4xx_HAL_Driver/Src/stm32f4xx_hal_gpio.o
 .debug_macro   0x000000000001ed3f      0x1e8 ./Drivers/STM32F4xx_HAL_Driver/Src/stm32f4xx_hal_rcc.o
 .debug_macro   0x000000000001ef27      0x1c5 ./Drivers/STM32F4xx_HAL_Driver/Src/stm32f4xx_hal_tim.o
 .debug_macro   0x000000000001f0ec      0x1c4 ./Drivers/STM32F4xx_HAL_Driver/Src/stm32f4xx_hal_tim_ex.o

.debug_line     0x0000000000000000    0x12a0d
 .debug_line    0x0000000000000000      0x6fb ./Core/Src/gpio.o
 .debug_line    0x00000000000006fb      0x7b3 ./Core/Src/hcsr04.o
 .debug_line    0x0000000000000eae      0x8ed ./Core/Src/heap_4.o
 .debug_line    0x000000000000179b      0x61e ./Core/Src/lcd.o
 .debug_line    0x0000000000001db9      0x67a ./Core/Src/list.o
 .debug_line    0x0000000000002433      0xdfb ./Core/Src/main.o
 .debug_line    0x000000000000322e      0x746 ./Core/Src/port.o
 .debug_line    0x0000000000003974     0x1586 ./Core/Src/queue.o
 .debug_line    0x0000000000004efa      0x6ab ./Core/Src/stm32f4xx_hal_msp.o
 .debug_line    0x00000000000055a5      0x725 ./Core/Src/stm32f4xx_hal_timebase_tim.o
 .debug_line    0x0000000000005cca      0x791 ./Core/Src/stm32f4xx_it.o
 .debug_line    0x000000000000645b      0x4f4 ./Core/Src/sysmem.o
 .debug_line    0x000000000000694f      0x72d ./Core/Src/system_stm32f4xx.o
 .debug_line    0x000000000000707c     0x1cae ./Core/Src/tasks.o
 .debug_line    0x0000000000008d2a      0x716 ./Core/Src/tim.o
 .debug_line    0x0000000000009440      0xb9c ./Core/Src/timers.o
 .debug_line    0x0000000000009fdc      0xba9 ./Core/Src/tm1637.o
 .debug_line    0x000000000000ab85       0x88 ./Core/Startup/startup_stm32f405rgtx.o
 .debug_line    0x000000000000ac0d      0x993 ./Drivers/STM32F4xx_HAL_Driver/Src/stm32f4xx_hal.o
 .debug_line    0x000000000000b5a0      0xc42 ./Drivers/STM32F4xx_HAL_Driver/Src/stm32f4xx_hal_cortex.o
 .debug_line    0x000000000000c1e2      0xb07 ./Drivers/STM32F4xx_HAL_Driver/Src/stm32f4xx_hal_gpio.o
 .debug_line    0x000000000000cce9      0xd0d ./Drivers/STM32F4xx_HAL_Driver/Src/stm32f4xx_hal_rcc.o
 .debug_line    0x000000000000d9f6     0x3687 ./Drivers/STM32F4xx_HAL_Driver/Src/stm32f4xx_hal_tim.o
 .debug_line    0x000000000001107d     0x1990 ./Drivers/STM32F4xx_HAL_Driver/Src/stm32f4xx_hal_tim_ex.o

.debug_str      0x0000000000000000    0xc7faa
 .debug_str     0x0000000000000000    0xb74cb ./Core/Src/gpio.o
                                      0xb7795 (size before relaxing)
 .debug_str     0x00000000000b74cb      0x61a ./Core/Src/hcsr04.o
                                      0xb7381 (size before relaxing)
 .debug_str     0x00000000000b7ae5     0x855a ./Core/Src/heap_4.o
                                       0xc4f7 (size before relaxing)
 .debug_str     0x00000000000c003f       0xfc ./Core/Src/lcd.o
                                      0x7da7f (size before relaxing)
 .debug_str     0x00000000000c013b      0x11e ./Core/Src/list.o
                                       0xacde (size before relaxing)
 .debug_str     0x00000000000c0259     0x22c1 ./Core/Src/main.o
                                      0xc19eb (size before relaxing)
 .debug_str     0x00000000000c251a      0x87e ./Core/Src/port.o
                                       0x9837 (size before relaxing)
 .debug_str     0x00000000000c2d98      0xc21 ./Core/Src/queue.o
                                       0xd3dd (size before relaxing)
 .debug_str     0x00000000000c39b9       0x2c ./Core/Src/stm32f4xx_hal_msp.o
                                      0xb71cb (size before relaxing)
 .debug_str     0x00000000000c39e5      0x107 ./Core/Src/stm32f4xx_hal_timebase_tim.o
                                      0xb78a7 (size before relaxing)
 .debug_str     0x00000000000c3aec      0x103 ./Core/Src/stm32f4xx_it.o
                                      0xb76da (size before relaxing)
 .debug_str     0x00000000000c3bef      0x35a ./Core/Src/sysmem.o
                                       0x5db7 (size before relaxing)
 .debug_str     0x00000000000c3f49       0xcb ./Core/Src/system_stm32f4xx.o
                                      0xb6dd1 (size before relaxing)
 .debug_str     0x00000000000c4014     0x1a1f ./Core/Src/tasks.o
                                       0xddef (size before relaxing)
 .debug_str     0x00000000000c5a33      0x12a ./Core/Src/tim.o
                                      0xb786c (size before relaxing)
 .debug_str     0x00000000000c5b5d      0x530 ./Core/Src/timers.o
                                       0xd55d (size before relaxing)
 .debug_str     0x00000000000c608d       0xce ./Core/Src/tm1637.o
                                      0xbfcf3 (size before relaxing)
 .debug_str     0x00000000000c615b       0x36 ./Core/Startup/startup_stm32f405rgtx.o
                                         0x79 (size before relaxing)
 .debug_str     0x00000000000c6191      0x5bd ./Drivers/STM32F4xx_HAL_Driver/Src/stm32f4xx_hal.o
                                      0xb7934 (size before relaxing)
 .debug_str     0x00000000000c674e      0x33a ./Drivers/STM32F4xx_HAL_Driver/Src/stm32f4xx_hal_cortex.o
                                      0xb7667 (size before relaxing)
 .debug_str     0x00000000000c6a88       0xe7 ./Drivers/STM32F4xx_HAL_Driver/Src/stm32f4xx_hal_gpio.o
                                      0xb6f4c (size before relaxing)
 .debug_str     0x00000000000c6b6f      0x1fd ./Drivers/STM32F4xx_HAL_Driver/Src/stm32f4xx_hal_rcc.o
                                      0xb7205 (size before relaxing)
 .debug_str     0x00000000000c6d6c      0xdab ./Drivers/STM32F4xx_HAL_Driver/Src/stm32f4xx_hal_tim.o
                                      0xb814b (size before relaxing)
 .debug_str     0x00000000000c7b17      0x493 ./Drivers/STM32F4xx_HAL_Driver/Src/stm32f4xx_hal_tim_ex.o
                                      0xb7967 (size before relaxing)

.comment        0x0000000000000000       0x50
 .comment       0x0000000000000000       0x50 ./Core/Src/gpio.o
                                         0x51 (size before relaxing)
 .comment       0x0000000000000050       0x51 ./Core/Src/hcsr04.o
 .comment       0x0000000000000050       0x51 ./Core/Src/heap_4.o
 .comment       0x0000000000000050       0x51 ./Core/Src/lcd.o
 .comment       0x0000000000000050       0x51 ./Core/Src/list.o
 .comment       0x0000000000000050       0x51 ./Core/Src/main.o
 .comment       0x0000000000000050       0x51 ./Core/Src/port.o
 .comment       0x0000000000000050       0x51 ./Core/Src/queue.o
 .comment       0x0000000000000050       0x51 ./Core/Src/stm32f4xx_hal_msp.o
 .comment       0x0000000000000050       0x51 ./Core/Src/stm32f4xx_hal_timebase_tim.o
 .comment       0x0000000000000050       0x51 ./Core/Src/stm32f4xx_it.o
 .comment       0x0000000000000050       0x51 ./Core/Src/sysmem.o
 .comment       0x0000000000000050       0x51 ./Core/Src/system_stm32f4xx.o
 .comment       0x0000000000000050       0x51 ./Core/Src/tasks.o
 .comment       0x0000000000000050       0x51 ./Core/Src/tim.o
 .comment       0x0000000000000050       0x51 ./Core/Src/timers.o
 .comment       0x0000000000000050       0x51 ./Core/Src/tm1637.o
 .comment       0x0000000000000050       0x51 ./Drivers/STM32F4xx_HAL_Driver/Src/stm32f4xx_hal.o
 .comment       0x0000000000000050       0x51 ./Drivers/STM32F4xx_HAL_Driver/Src/stm32f4xx_hal_cortex.o
 .comment       0x0000000000000050       0x51 ./Drivers/STM32F4xx_HAL_Driver/Src/stm32f4xx_hal_gpio.o
 .comment       0x0000000000000050       0x51 ./Drivers/STM32F4xx_HAL_Driver/Src/stm32f4xx_hal_rcc.o
 .comment       0x0000000000000050       0x51 ./Drivers/STM32F4xx_HAL_Driver/Src/stm32f4xx_hal_tim.o
 .comment       0x0000000000000050       0x51 ./Drivers/STM32F4xx_HAL_Driver/Src/stm32f4xx_hal_tim_ex.o

.debug_frame    0x0000000000000000     0x45ac